<html>
<body>
<pre>
<h1>µVision Build Log</h1>
<h2>Project:</h2>
F:\818stm32fromxuxu\STM32_TU\User\prject.uvproj
Project File Date:  06/09/2015

<h2>Output:</h2>
Rebuild target 'STM32F103C8T6'
assembling startup_stm32f10x_md.s...
compiling core_cm3.c...
compiling system_stm32f10x.c...
compiling misc.c...
compiling stm32f10x_rcc.c...
compiling stm32f10x_gpio.c...
compiling stm32f10x_usart.c...
compiling stm32f10x_tim.c...
compiling stm32f10x_adc.c...
compiling stm32f10x_dma.c...
compiling stm32f10x_exti.c...
compiling stm32f10x_flash.c...
compiling usb_core.c...
compiling usb_init.c...
compiling usb_int.c...
compiling usb_mem.c...
compiling usb_regs.c...
compiling usb_sil.c...
compiling m3_sys.c...
compiling uart.c...
compiling retarget.c...
compiling main.c...
src\main.c(52): warning:  #188-D: enumerated type mixed with another type
src\main.c(121): warning:  #186-D: pointless comparison of unsigned integer with zero
src\main.c(129): warning:  #188-D: enumerated type mixed with another type
src\main.c(133): warning:  #188-D: enumerated type mixed with another type
src\main.c(138): warning:  #1294-D: Old-style function check_signal_automatic
src\main.c(183): warning:  #188-D: enumerated type mixed with another type
src\main.c(198): warning:  #188-D: enumerated type mixed with another type
src\main.c(276): warning:  #165-D: too few arguments in function call
compiling gpio.c...
compiling tr.c...
src\tr.c(7294): warning:  #177-D: variable "i" was declared but never referenced
src\tr.c(7294): warning:  #177-D: variable "ret" was declared but never referenced
src\tr.c(7354): warning:  #111-D: statement is unreachable
src\tr.c(7356): warning:  #223-D: function "memset" declared implicitly
src\tr.c(7515): warning:  #128-D: loop is not reachable
compiling adc.c...
compiling tim.c...
compiling hw_config.c...
src\hw_config.c(182): warning:  #223-D: function "Init_AVCheck_GPIO" declared implicitly
compiling user_config.c...
compiling Gpio_operate.c...
src\Gpio_operate.c(20): warning:  #186-D: pointless comparison of unsigned integer with zero
src\Gpio_operate.c(34): warning:  #188-D: enumerated type mixed with another type
src\Gpio_operate.c(37): warning:  #188-D: enumerated type mixed with another type
src\Gpio_operate.c(45): warning:  #188-D: enumerated type mixed with another type
src\Gpio_operate.c(48): warning:  #188-D: enumerated type mixed with another type
src\Gpio_operate.c(51): warning:  #188-D: enumerated type mixed with another type
src\Gpio_operate.c(56): warning:  #188-D: enumerated type mixed with another type
src\Gpio_operate.c(60): warning:  #188-D: enumerated type mixed with another type
src\Gpio_operate.c(64): warning:  #188-D: enumerated type mixed with another type
src\Gpio_operate.c(69): warning:  #188-D: enumerated type mixed with another type
src\Gpio_operate.c(73): warning:  #188-D: enumerated type mixed with another type
src\Gpio_operate.c(81): warning:  #188-D: enumerated type mixed with another type
compiling usb_pwr.c...
compiling usb_desc.c...
compiling usb_endp.c...
compiling usb_istr.c...
compiling usb_prop.c...
compiling stm32f10x_it.c...
linking...
Program Size: Code=9688 RO-data=1068 RW-data=520 ZI-data=11928  
FromELF: creating hex file...
".\output\prject.axf" - 0 Error(s), 26 Warning(s).
Rebuild target 'STM32F103C8T6'
assembling startup_stm32f10x_md.s...
compiling core_cm3.c...
compiling system_stm32f10x.c...
compiling misc.c...
compiling stm32f10x_rcc.c...
compiling stm32f10x_gpio.c...
compiling stm32f10x_usart.c...
compiling stm32f10x_tim.c...
compiling stm32f10x_adc.c...
compiling stm32f10x_dma.c...
compiling stm32f10x_exti.c...
compiling stm32f10x_flash.c...
compiling usb_core.c...
compiling usb_init.c...
compiling usb_int.c...
compiling usb_mem.c...
compiling usb_regs.c...
compiling usb_sil.c...
compiling m3_sys.c...
compiling uart.c...
compiling retarget.c...
compiling main.c...
src\main.c(52): warning:  #188-D: enumerated type mixed with another type
src\main.c(121): warning:  #186-D: pointless comparison of unsigned integer with zero
src\main.c(129): warning:  #188-D: enumerated type mixed with another type
src\main.c(133): warning:  #188-D: enumerated type mixed with another type
src\main.c(138): warning:  #1294-D: Old-style function check_signal_automatic
src\main.c(183): warning:  #188-D: enumerated type mixed with another type
src\main.c(198): warning:  #188-D: enumerated type mixed with another type
src\main.c(276): warning:  #165-D: too few arguments in function call
compiling gpio.c...
compiling tr.c...
src\tr.c(7294): warning:  #177-D: variable "i" was declared but never referenced
src\tr.c(7294): warning:  #177-D: variable "ret" was declared but never referenced
src\tr.c(7354): warning:  #111-D: statement is unreachable
src\tr.c(7356): warning:  #223-D: function "memset" declared implicitly
src\tr.c(7515): warning:  #128-D: loop is not reachable
compiling adc.c...
compiling tim.c...
compiling hw_config.c...
src\hw_config.c(182): warning:  #223-D: function "Init_AVCheck_GPIO" declared implicitly
compiling user_config.c...
compiling Gpio_operate.c...
src\Gpio_operate.c(20): warning:  #186-D: pointless comparison of unsigned integer with zero
src\Gpio_operate.c(34): warning:  #188-D: enumerated type mixed with another type
src\Gpio_operate.c(37): warning:  #188-D: enumerated type mixed with another type
src\Gpio_operate.c(45): warning:  #188-D: enumerated type mixed with another type
src\Gpio_operate.c(48): warning:  #188-D: enumerated type mixed with another type
src\Gpio_operate.c(51): warning:  #188-D: enumerated type mixed with another type
src\Gpio_operate.c(56): warning:  #188-D: enumerated type mixed with another type
src\Gpio_operate.c(60): warning:  #188-D: enumerated type mixed with another type
src\Gpio_operate.c(64): warning:  #188-D: enumerated type mixed with another type
src\Gpio_operate.c(69): warning:  #188-D: enumerated type mixed with another type
src\Gpio_operate.c(73): warning:  #188-D: enumerated type mixed with another type
src\Gpio_operate.c(81): warning:  #188-D: enumerated type mixed with another type
compiling usb_pwr.c...
compiling usb_desc.c...
compiling usb_endp.c...
compiling usb_istr.c...
compiling usb_prop.c...
compiling stm32f10x_it.c...
linking...
Program Size: Code=9572 RO-data=1068 RW-data=520 ZI-data=11928  
FromELF: creating hex file...
".\output\prject.axf" - 0 Error(s), 26 Warning(s).
Rebuild target 'STM32F103C8T6'
assembling startup_stm32f10x_md.s...
compiling core_cm3.c...
compiling system_stm32f10x.c...
compiling misc.c...
compiling stm32f10x_rcc.c...
compiling stm32f10x_gpio.c...
compiling stm32f10x_usart.c...
compiling stm32f10x_tim.c...
compiling stm32f10x_adc.c...
compiling stm32f10x_dma.c...
compiling stm32f10x_exti.c...
compiling stm32f10x_flash.c...
compiling usb_core.c...
compiling usb_init.c...
compiling usb_int.c...
compiling usb_mem.c...
compiling usb_regs.c...
compiling usb_sil.c...
compiling m3_sys.c...
compiling uart.c...
compiling retarget.c...
compiling main.c...
src\main.c(52): warning:  #188-D: enumerated type mixed with another type
src\main.c(121): warning:  #186-D: pointless comparison of unsigned integer with zero
src\main.c(129): warning:  #188-D: enumerated type mixed with another type
src\main.c(133): warning:  #188-D: enumerated type mixed with another type
src\main.c(138): warning:  #1294-D: Old-style function check_signal_automatic
src\main.c(183): warning:  #188-D: enumerated type mixed with another type
src\main.c(198): warning:  #188-D: enumerated type mixed with another type
src\main.c(276): warning:  #165-D: too few arguments in function call
compiling gpio.c...
compiling tr.c...
src\tr.c(7294): warning:  #177-D: variable "i" was declared but never referenced
src\tr.c(7294): warning:  #177-D: variable "ret" was declared but never referenced
src\tr.c(7354): warning:  #111-D: statement is unreachable
src\tr.c(7356): warning:  #223-D: function "memset" declared implicitly
src\tr.c(7515): warning:  #128-D: loop is not reachable
compiling adc.c...
compiling tim.c...
compiling hw_config.c...
src\hw_config.c(182): warning:  #223-D: function "Init_AVCheck_GPIO" declared implicitly
compiling user_config.c...
compiling Gpio_operate.c...
src\Gpio_operate.c(20): warning:  #186-D: pointless comparison of unsigned integer with zero
src\Gpio_operate.c(34): warning:  #188-D: enumerated type mixed with another type
src\Gpio_operate.c(37): warning:  #188-D: enumerated type mixed with another type
src\Gpio_operate.c(45): warning:  #188-D: enumerated type mixed with another type
src\Gpio_operate.c(48): warning:  #188-D: enumerated type mixed with another type
src\Gpio_operate.c(51): warning:  #188-D: enumerated type mixed with another type
src\Gpio_operate.c(56): warning:  #188-D: enumerated type mixed with another type
src\Gpio_operate.c(60): warning:  #188-D: enumerated type mixed with another type
src\Gpio_operate.c(64): warning:  #188-D: enumerated type mixed with another type
src\Gpio_operate.c(69): warning:  #188-D: enumerated type mixed with another type
src\Gpio_operate.c(73): warning:  #188-D: enumerated type mixed with another type
src\Gpio_operate.c(81): warning:  #188-D: enumerated type mixed with another type
compiling usb_pwr.c...
compiling usb_desc.c...
compiling usb_endp.c...
compiling usb_istr.c...
compiling usb_prop.c...
compiling stm32f10x_it.c...
linking...
Program Size: Code=9572 RO-data=1068 RW-data=520 ZI-data=11928  
FromELF: creating hex file...
".\output\prject.axf" - 0 Error(s), 26 Warning(s).
Rebuild target 'STM32F103C8T6'
assembling startup_stm32f10x_md.s...
compiling core_cm3.c...
compiling system_stm32f10x.c...
compiling misc.c...
compiling stm32f10x_rcc.c...
compiling stm32f10x_gpio.c...
compiling stm32f10x_usart.c...
compiling stm32f10x_tim.c...
compiling stm32f10x_adc.c...
compiling stm32f10x_dma.c...
compiling stm32f10x_exti.c...
compiling stm32f10x_flash.c...
compiling usb_core.c...
compiling usb_init.c...
compiling usb_int.c...
compiling usb_mem.c...
compiling usb_regs.c...
compiling usb_sil.c...
compiling m3_sys.c...
compiling uart.c...
compiling retarget.c...
compiling main.c...
src\main.c(52): warning:  #188-D: enumerated type mixed with another type
src\main.c(121): warning:  #186-D: pointless comparison of unsigned integer with zero
src\main.c(129): warning:  #188-D: enumerated type mixed with another type
src\main.c(133): warning:  #188-D: enumerated type mixed with another type
src\main.c(138): warning:  #1294-D: Old-style function check_signal_automatic
src\main.c(183): warning:  #188-D: enumerated type mixed with another type
src\main.c(198): warning:  #188-D: enumerated type mixed with another type
src\main.c(276): warning:  #165-D: too few arguments in function call
compiling gpio.c...
compiling tr.c...
src\tr.c(7294): warning:  #177-D: variable "i" was declared but never referenced
src\tr.c(7294): warning:  #177-D: variable "ret" was declared but never referenced
src\tr.c(7354): warning:  #111-D: statement is unreachable
src\tr.c(7356): warning:  #223-D: function "memset" declared implicitly
src\tr.c(7515): warning:  #128-D: loop is not reachable
compiling adc.c...
compiling tim.c...
compiling hw_config.c...
src\hw_config.c(182): warning:  #223-D: function "Init_AVCheck_GPIO" declared implicitly
compiling user_config.c...
compiling Gpio_operate.c...
src\Gpio_operate.c(20): warning:  #186-D: pointless comparison of unsigned integer with zero
src\Gpio_operate.c(34): warning:  #188-D: enumerated type mixed with another type
src\Gpio_operate.c(37): warning:  #188-D: enumerated type mixed with another type
src\Gpio_operate.c(45): warning:  #188-D: enumerated type mixed with another type
src\Gpio_operate.c(48): warning:  #188-D: enumerated type mixed with another type
src\Gpio_operate.c(51): warning:  #188-D: enumerated type mixed with another type
src\Gpio_operate.c(56): warning:  #188-D: enumerated type mixed with another type
src\Gpio_operate.c(60): warning:  #188-D: enumerated type mixed with another type
src\Gpio_operate.c(64): warning:  #188-D: enumerated type mixed with another type
src\Gpio_operate.c(69): warning:  #188-D: enumerated type mixed with another type
src\Gpio_operate.c(73): warning:  #188-D: enumerated type mixed with another type
src\Gpio_operate.c(81): warning:  #188-D: enumerated type mixed with another type
compiling usb_pwr.c...
compiling usb_desc.c...
compiling usb_endp.c...
compiling usb_istr.c...
compiling usb_prop.c...
compiling stm32f10x_it.c...
linking...
Program Size: Code=9572 RO-data=1068 RW-data=520 ZI-data=11928  
FromELF: creating hex file...
".\output\prject.axf" - 0 Error(s), 26 Warning(s).
Rebuild target 'STM32F103C8T6'
assembling startup_stm32f10x_md.s...
compiling core_cm3.c...
compiling system_stm32f10x.c...
compiling misc.c...
compiling stm32f10x_rcc.c...
compiling stm32f10x_gpio.c...
compiling stm32f10x_usart.c...
compiling stm32f10x_tim.c...
compiling stm32f10x_adc.c...
compiling stm32f10x_dma.c...
compiling stm32f10x_exti.c...
compiling stm32f10x_flash.c...
compiling usb_core.c...
compiling usb_init.c...
compiling usb_int.c...
compiling usb_mem.c...
compiling usb_regs.c...
compiling usb_sil.c...
compiling m3_sys.c...
compiling uart.c...
compiling retarget.c...
compiling main.c...
src\main.c(52): warning:  #188-D: enumerated type mixed with another type
src\main.c(121): warning:  #186-D: pointless comparison of unsigned integer with zero
src\main.c(129): warning:  #188-D: enumerated type mixed with another type
src\main.c(133): warning:  #188-D: enumerated type mixed with another type
src\main.c(138): warning:  #1294-D: Old-style function check_signal_automatic
src\main.c(183): warning:  #188-D: enumerated type mixed with another type
src\main.c(198): warning:  #188-D: enumerated type mixed with another type
src\main.c(276): warning:  #165-D: too few arguments in function call
compiling gpio.c...
compiling tr.c...
src\tr.c(7294): warning:  #177-D: variable "i" was declared but never referenced
src\tr.c(7294): warning:  #177-D: variable "ret" was declared but never referenced
src\tr.c(7354): warning:  #111-D: statement is unreachable
src\tr.c(7356): warning:  #223-D: function "memset" declared implicitly
src\tr.c(7515): warning:  #128-D: loop is not reachable
compiling adc.c...
compiling tim.c...
compiling hw_config.c...
src\hw_config.c(182): warning:  #223-D: function "Init_AVCheck_GPIO" declared implicitly
compiling user_config.c...
compiling Gpio_operate.c...
src\Gpio_operate.c(20): warning:  #186-D: pointless comparison of unsigned integer with zero
src\Gpio_operate.c(34): warning:  #188-D: enumerated type mixed with another type
src\Gpio_operate.c(37): warning:  #188-D: enumerated type mixed with another type
src\Gpio_operate.c(45): warning:  #188-D: enumerated type mixed with another type
src\Gpio_operate.c(48): warning:  #188-D: enumerated type mixed with another type
src\Gpio_operate.c(51): warning:  #188-D: enumerated type mixed with another type
src\Gpio_operate.c(56): warning:  #188-D: enumerated type mixed with another type
src\Gpio_operate.c(60): warning:  #188-D: enumerated type mixed with another type
src\Gpio_operate.c(64): warning:  #188-D: enumerated type mixed with another type
src\Gpio_operate.c(69): warning:  #188-D: enumerated type mixed with another type
src\Gpio_operate.c(73): warning:  #188-D: enumerated type mixed with another type
src\Gpio_operate.c(81): warning:  #188-D: enumerated type mixed with another type
compiling usb_pwr.c...
compiling usb_desc.c...
compiling usb_endp.c...
compiling usb_istr.c...
compiling usb_prop.c...
compiling stm32f10x_it.c...
linking...
Program Size: Code=9572 RO-data=1068 RW-data=520 ZI-data=11928  
FromELF: creating hex file...
".\output\prject.axf" - 0 Error(s), 26 Warning(s).
Rebuild target 'STM32F103C8T6'
assembling startup_stm32f10x_md.s...
compiling core_cm3.c...
compiling system_stm32f10x.c...
compiling misc.c...
compiling stm32f10x_rcc.c...
compiling stm32f10x_gpio.c...
compiling stm32f10x_usart.c...
compiling stm32f10x_tim.c...
compiling stm32f10x_adc.c...
compiling stm32f10x_dma.c...
compiling stm32f10x_exti.c...
compiling stm32f10x_flash.c...
compiling usb_core.c...
compiling usb_init.c...
compiling usb_int.c...
compiling usb_mem.c...
compiling usb_regs.c...
compiling usb_sil.c...
compiling m3_sys.c...
compiling uart.c...
compiling retarget.c...
compiling main.c...
src\main.c(52): warning:  #188-D: enumerated type mixed with another type
src\main.c(121): warning:  #186-D: pointless comparison of unsigned integer with zero
src\main.c(129): warning:  #188-D: enumerated type mixed with another type
src\main.c(133): warning:  #188-D: enumerated type mixed with another type
src\main.c(138): warning:  #1294-D: Old-style function check_signal_automatic
src\main.c(183): warning:  #188-D: enumerated type mixed with another type
src\main.c(198): warning:  #188-D: enumerated type mixed with another type
src\main.c(276): warning:  #165-D: too few arguments in function call
compiling gpio.c...
compiling tr.c...
src\tr.c(7294): warning:  #177-D: variable "i" was declared but never referenced
src\tr.c(7294): warning:  #177-D: variable "ret" was declared but never referenced
src\tr.c(7354): warning:  #111-D: statement is unreachable
src\tr.c(7356): warning:  #223-D: function "memset" declared implicitly
src\tr.c(7515): warning:  #128-D: loop is not reachable
compiling adc.c...
compiling tim.c...
compiling hw_config.c...
src\hw_config.c(182): warning:  #223-D: function "Init_AVCheck_GPIO" declared implicitly
compiling user_config.c...
compiling Gpio_operate.c...
src\Gpio_operate.c(20): warning:  #186-D: pointless comparison of unsigned integer with zero
src\Gpio_operate.c(34): error:  #20: identifier "GPIO_R" is undefined
src\Gpio_operate.c(34): error:  #18: expected a ")"
src\Gpio_operate.c(37): warning:  #188-D: enumerated type mixed with another type
src\Gpio_operate.c(45): warning:  #188-D: enumerated type mixed with another type
src\Gpio_operate.c(48): warning:  #188-D: enumerated type mixed with another type
src\Gpio_operate.c(51): warning:  #188-D: enumerated type mixed with another type
src\Gpio_operate.c(56): warning:  #188-D: enumerated type mixed with another type
src\Gpio_operate.c(60): warning:  #188-D: enumerated type mixed with another type
src\Gpio_operate.c(64): warning:  #188-D: enumerated type mixed with another type
src\Gpio_operate.c(69): warning:  #188-D: enumerated type mixed with another type
src\Gpio_operate.c(73): warning:  #188-D: enumerated type mixed with another type
src\Gpio_operate.c(81): warning:  #188-D: enumerated type mixed with another type
compiling usb_pwr.c...
compiling usb_desc.c...
compiling usb_endp.c...
compiling usb_istr.c...
compiling usb_prop.c...
compiling stm32f10x_it.c...
Target not created
Rebuild target 'STM32F103C8T6'
assembling startup_stm32f10x_md.s...
compiling core_cm3.c...
compiling system_stm32f10x.c...
compiling misc.c...
compiling stm32f10x_rcc.c...
compiling stm32f10x_gpio.c...
compiling stm32f10x_usart.c...
compiling stm32f10x_tim.c...
compiling stm32f10x_adc.c...
compiling stm32f10x_dma.c...
compiling stm32f10x_exti.c...
compiling stm32f10x_flash.c...
compiling usb_core.c...
compiling usb_init.c...
compiling usb_int.c...
compiling usb_mem.c...
compiling usb_regs.c...
compiling usb_sil.c...
compiling m3_sys.c...
compiling uart.c...
compiling retarget.c...
compiling main.c...
src\main.c(52): warning:  #188-D: enumerated type mixed with another type
src\main.c(121): warning:  #186-D: pointless comparison of unsigned integer with zero
src\main.c(129): warning:  #188-D: enumerated type mixed with another type
src\main.c(133): warning:  #188-D: enumerated type mixed with another type
src\main.c(138): warning:  #1294-D: Old-style function check_signal_automatic
src\main.c(183): warning:  #188-D: enumerated type mixed with another type
src\main.c(198): warning:  #188-D: enumerated type mixed with another type
src\main.c(276): warning:  #165-D: too few arguments in function call
compiling gpio.c...
compiling tr.c...
src\tr.c(7294): warning:  #177-D: variable "i" was declared but never referenced
src\tr.c(7294): warning:  #177-D: variable "ret" was declared but never referenced
src\tr.c(7354): warning:  #111-D: statement is unreachable
src\tr.c(7356): warning:  #223-D: function "memset" declared implicitly
src\tr.c(7515): warning:  #128-D: loop is not reachable
compiling adc.c...
compiling tim.c...
compiling hw_config.c...
src\hw_config.c(182): warning:  #223-D: function "Init_AVCheck_GPIO" declared implicitly
compiling user_config.c...
compiling Gpio_operate.c...
src\Gpio_operate.c(20): warning:  #186-D: pointless comparison of unsigned integer with zero
src\Gpio_operate.c(37): warning:  #188-D: enumerated type mixed with another type
src\Gpio_operate.c(45): warning:  #188-D: enumerated type mixed with another type
src\Gpio_operate.c(48): warning:  #188-D: enumerated type mixed with another type
src\Gpio_operate.c(51): warning:  #188-D: enumerated type mixed with another type
src\Gpio_operate.c(56): warning:  #188-D: enumerated type mixed with another type
src\Gpio_operate.c(60): warning:  #188-D: enumerated type mixed with another type
src\Gpio_operate.c(64): warning:  #188-D: enumerated type mixed with another type
src\Gpio_operate.c(69): warning:  #188-D: enumerated type mixed with another type
src\Gpio_operate.c(73): warning:  #188-D: enumerated type mixed with another type
src\Gpio_operate.c(81): warning:  #188-D: enumerated type mixed with another type
compiling usb_pwr.c...
compiling usb_desc.c...
compiling usb_endp.c...
compiling usb_istr.c...
compiling usb_prop.c...
compiling stm32f10x_it.c...
linking...
Program Size: Code=9552 RO-data=1068 RW-data=520 ZI-data=11928  
FromELF: creating hex file...
".\output\prject.axf" - 0 Error(s), 25 Warning(s).
Rebuild target 'STM32F103C8T6'
assembling startup_stm32f10x_md.s...
compiling core_cm3.c...
compiling system_stm32f10x.c...
compiling misc.c...
compiling stm32f10x_rcc.c...
compiling stm32f10x_gpio.c...
compiling stm32f10x_usart.c...
compiling stm32f10x_tim.c...
compiling stm32f10x_adc.c...
compiling stm32f10x_dma.c...
compiling stm32f10x_exti.c...
compiling stm32f10x_flash.c...
compiling usb_core.c...
compiling usb_init.c...
compiling usb_int.c...
compiling usb_mem.c...
compiling usb_regs.c...
compiling usb_sil.c...
compiling m3_sys.c...
compiling uart.c...
compiling retarget.c...
compiling main.c...
src\main.c(52): warning:  #188-D: enumerated type mixed with another type
src\main.c(121): warning:  #186-D: pointless comparison of unsigned integer with zero
src\main.c(129): warning:  #188-D: enumerated type mixed with another type
src\main.c(133): warning:  #188-D: enumerated type mixed with another type
src\main.c(138): warning:  #1294-D: Old-style function check_signal_automatic
src\main.c(183): warning:  #188-D: enumerated type mixed with another type
src\main.c(198): warning:  #188-D: enumerated type mixed with another type
src\main.c(276): warning:  #165-D: too few arguments in function call
compiling gpio.c...
compiling tr.c...
src\tr.c(7294): warning:  #177-D: variable "i" was declared but never referenced
src\tr.c(7294): warning:  #177-D: variable "ret" was declared but never referenced
src\tr.c(7354): warning:  #111-D: statement is unreachable
src\tr.c(7356): warning:  #223-D: function "memset" declared implicitly
src\tr.c(7515): warning:  #128-D: loop is not reachable
compiling adc.c...
compiling tim.c...
compiling hw_config.c...
src\hw_config.c(182): warning:  #223-D: function "Init_AVCheck_GPIO" declared implicitly
compiling user_config.c...
compiling Gpio_operate.c...
src\Gpio_operate.c(20): warning:  #186-D: pointless comparison of unsigned integer with zero
src\Gpio_operate.c(37): warning:  #188-D: enumerated type mixed with another type
src\Gpio_operate.c(45): warning:  #188-D: enumerated type mixed with another type
src\Gpio_operate.c(48): warning:  #188-D: enumerated type mixed with another type
src\Gpio_operate.c(51): warning:  #188-D: enumerated type mixed with another type
src\Gpio_operate.c(56): warning:  #188-D: enumerated type mixed with another type
src\Gpio_operate.c(60): warning:  #188-D: enumerated type mixed with another type
src\Gpio_operate.c(64): warning:  #188-D: enumerated type mixed with another type
src\Gpio_operate.c(69): warning:  #188-D: enumerated type mixed with another type
src\Gpio_operate.c(73): warning:  #188-D: enumerated type mixed with another type
src\Gpio_operate.c(81): warning:  #188-D: enumerated type mixed with another type
compiling usb_pwr.c...
compiling usb_desc.c...
compiling usb_endp.c...
compiling usb_istr.c...
compiling usb_prop.c...
compiling stm32f10x_it.c...
linking...
Program Size: Code=9572 RO-data=1068 RW-data=520 ZI-data=11928  
FromELF: creating hex file...
".\output\prject.axf" - 0 Error(s), 25 Warning(s).
Rebuild target 'STM32F103C8T6'
assembling startup_stm32f10x_md.s...
compiling core_cm3.c...
compiling system_stm32f10x.c...
compiling misc.c...
compiling stm32f10x_rcc.c...
compiling stm32f10x_gpio.c...
compiling stm32f10x_usart.c...
compiling stm32f10x_tim.c...
compiling stm32f10x_adc.c...
compiling stm32f10x_dma.c...
compiling stm32f10x_exti.c...
compiling stm32f10x_flash.c...
compiling usb_core.c...
compiling usb_init.c...
compiling usb_int.c...
compiling usb_mem.c...
compiling usb_regs.c...
compiling usb_sil.c...
compiling m3_sys.c...
compiling uart.c...
compiling retarget.c...
compiling main.c...
src\main.c(52): warning:  #188-D: enumerated type mixed with another type
src\main.c(121): warning:  #186-D: pointless comparison of unsigned integer with zero
src\main.c(129): warning:  #188-D: enumerated type mixed with another type
src\main.c(133): warning:  #188-D: enumerated type mixed with another type
src\main.c(138): warning:  #1294-D: Old-style function check_signal_automatic
src\main.c(183): warning:  #188-D: enumerated type mixed with another type
src\main.c(198): warning:  #188-D: enumerated type mixed with another type
src\main.c(276): warning:  #165-D: too few arguments in function call
compiling gpio.c...
compiling tr.c...
src\tr.c(7294): warning:  #177-D: variable "i" was declared but never referenced
src\tr.c(7294): warning:  #177-D: variable "ret" was declared but never referenced
src\tr.c(7354): warning:  #111-D: statement is unreachable
src\tr.c(7356): warning:  #223-D: function "memset" declared implicitly
src\tr.c(7515): warning:  #128-D: loop is not reachable
compiling adc.c...
compiling tim.c...
compiling hw_config.c...
src\hw_config.c(182): warning:  #223-D: function "Init_AVCheck_GPIO" declared implicitly
compiling user_config.c...
compiling Gpio_operate.c...
src\Gpio_operate.c(20): warning:  #186-D: pointless comparison of unsigned integer with zero
src\Gpio_operate.c(51): warning:  #188-D: enumerated type mixed with another type
src\Gpio_operate.c(56): warning:  #188-D: enumerated type mixed with another type
src\Gpio_operate.c(60): warning:  #188-D: enumerated type mixed with another type
src\Gpio_operate.c(64): warning:  #188-D: enumerated type mixed with another type
src\Gpio_operate.c(69): warning:  #188-D: enumerated type mixed with another type
src\Gpio_operate.c(73): warning:  #188-D: enumerated type mixed with another type
src\Gpio_operate.c(81): warning:  #188-D: enumerated type mixed with another type
compiling usb_pwr.c...
compiling usb_desc.c...
compiling usb_endp.c...
compiling usb_istr.c...
compiling usb_prop.c...
compiling stm32f10x_it.c...
linking...
Program Size: Code=9572 RO-data=1068 RW-data=520 ZI-data=11928  
FromELF: creating hex file...
".\output\prject.axf" - 0 Error(s), 22 Warning(s).
Rebuild target 'STM32F103C8T6'
assembling startup_stm32f10x_md.s...
compiling core_cm3.c...
compiling system_stm32f10x.c...
compiling misc.c...
compiling stm32f10x_rcc.c...
compiling stm32f10x_gpio.c...
compiling stm32f10x_usart.c...
compiling stm32f10x_tim.c...
compiling stm32f10x_adc.c...
compiling stm32f10x_dma.c...
compiling stm32f10x_exti.c...
compiling stm32f10x_flash.c...
compiling usb_core.c...
compiling usb_init.c...
compiling usb_int.c...
compiling usb_mem.c...
compiling usb_regs.c...
compiling usb_sil.c...
compiling m3_sys.c...
compiling uart.c...
compiling retarget.c...
compiling main.c...
src\main.c(52): warning:  #188-D: enumerated type mixed with another type
src\main.c(121): warning:  #186-D: pointless comparison of unsigned integer with zero
src\main.c(129): warning:  #188-D: enumerated type mixed with another type
src\main.c(133): warning:  #188-D: enumerated type mixed with another type
src\main.c(138): warning:  #1294-D: Old-style function check_signal_automatic
src\main.c(183): warning:  #188-D: enumerated type mixed with another type
src\main.c(198): warning:  #188-D: enumerated type mixed with another type
src\main.c(276): warning:  #165-D: too few arguments in function call
compiling gpio.c...
compiling tr.c...
src\tr.c(7294): warning:  #177-D: variable "i" was declared but never referenced
src\tr.c(7294): warning:  #177-D: variable "ret" was declared but never referenced
src\tr.c(7354): warning:  #111-D: statement is unreachable
src\tr.c(7356): warning:  #223-D: function "memset" declared implicitly
src\tr.c(7515): warning:  #128-D: loop is not reachable
compiling adc.c...
compiling tim.c...
compiling hw_config.c...
src\hw_config.c(182): warning:  #223-D: function "Init_AVCheck_GPIO" declared implicitly
compiling user_config.c...
compiling Gpio_operate.c...
src\Gpio_operate.c(20): warning:  #186-D: pointless comparison of unsigned integer with zero
compiling usb_pwr.c...
compiling usb_desc.c...
compiling usb_endp.c...
compiling usb_istr.c...
compiling usb_prop.c...
compiling stm32f10x_it.c...
linking...
Program Size: Code=9576 RO-data=1068 RW-data=520 ZI-data=11928  
FromELF: creating hex file...
".\output\prject.axf" - 0 Error(s), 15 Warning(s).
Rebuild target 'STM32F103C8T6'
assembling startup_stm32f10x_md.s...
compiling core_cm3.c...
compiling system_stm32f10x.c...
compiling misc.c...
compiling stm32f10x_rcc.c...
compiling stm32f10x_gpio.c...
compiling stm32f10x_usart.c...
compiling stm32f10x_tim.c...
compiling stm32f10x_adc.c...
compiling stm32f10x_dma.c...
compiling stm32f10x_exti.c...
compiling stm32f10x_flash.c...
compiling usb_core.c...
compiling usb_init.c...
compiling usb_int.c...
compiling usb_mem.c...
compiling usb_regs.c...
compiling usb_sil.c...
compiling m3_sys.c...
compiling uart.c...
compiling retarget.c...
compiling main.c...
src\main.c(52): warning:  #188-D: enumerated type mixed with another type
src\main.c(121): warning:  #186-D: pointless comparison of unsigned integer with zero
src\main.c(129): warning:  #188-D: enumerated type mixed with another type
src\main.c(133): warning:  #188-D: enumerated type mixed with another type
src\main.c(183): warning:  #188-D: enumerated type mixed with another type
src\main.c(198): warning:  #188-D: enumerated type mixed with another type
compiling gpio.c...
compiling tr.c...
src\tr.c(7294): warning:  #177-D: variable "i" was declared but never referenced
src\tr.c(7294): warning:  #177-D: variable "ret" was declared but never referenced
src\tr.c(7354): warning:  #111-D: statement is unreachable
src\tr.c(7356): warning:  #223-D: function "memset" declared implicitly
src\tr.c(7515): warning:  #128-D: loop is not reachable
compiling adc.c...
compiling tim.c...
compiling hw_config.c...
src\hw_config.c(182): warning:  #223-D: function "Init_AVCheck_GPIO" declared implicitly
compiling user_config.c...
compiling Gpio_operate.c...
src\Gpio_operate.c(20): warning:  #186-D: pointless comparison of unsigned integer with zero
compiling usb_pwr.c...
compiling usb_desc.c...
compiling usb_endp.c...
compiling usb_istr.c...
compiling usb_prop.c...
compiling stm32f10x_it.c...
linking...
Program Size: Code=9576 RO-data=1068 RW-data=520 ZI-data=11928  
FromELF: creating hex file...
".\output\prject.axf" - 0 Error(s), 13 Warning(s).
Rebuild target 'STM32F103C8T6'
assembling startup_stm32f10x_md.s...
compiling core_cm3.c...
compiling system_stm32f10x.c...
compiling misc.c...
compiling stm32f10x_rcc.c...
compiling stm32f10x_gpio.c...
compiling stm32f10x_usart.c...
compiling stm32f10x_tim.c...
compiling stm32f10x_adc.c...
compiling stm32f10x_dma.c...
compiling stm32f10x_exti.c...
compiling stm32f10x_flash.c...
compiling usb_core.c...
compiling usb_init.c...
compiling usb_int.c...
compiling usb_mem.c...
compiling usb_regs.c...
compiling usb_sil.c...
compiling m3_sys.c...
compiling uart.c...
compiling retarget.c...
compiling main.c...
src\main.c(52): warning:  #188-D: enumerated type mixed with another type
src\main.c(121): warning:  #186-D: pointless comparison of unsigned integer with zero
src\main.c(129): warning:  #188-D: enumerated type mixed with another type
src\main.c(133): warning:  #188-D: enumerated type mixed with another type
src\main.c(183): warning:  #188-D: enumerated type mixed with another type
src\main.c(198): warning:  #188-D: enumerated type mixed with another type
compiling gpio.c...
compiling tr.c...
src\tr.c(7294): warning:  #177-D: variable "i" was declared but never referenced
src\tr.c(7294): warning:  #177-D: variable "ret" was declared but never referenced
src\tr.c(7354): warning:  #111-D: statement is unreachable
src\tr.c(7356): warning:  #223-D: function "memset" declared implicitly
src\tr.c(7515): warning:  #128-D: loop is not reachable
compiling adc.c...
compiling tim.c...
compiling hw_config.c...
compiling user_config.c...
compiling Gpio_operate.c...
src\Gpio_operate.c(20): warning:  #186-D: pointless comparison of unsigned integer with zero
compiling usb_pwr.c...
compiling usb_desc.c...
compiling usb_endp.c...
compiling usb_istr.c...
compiling usb_prop.c...
compiling stm32f10x_it.c...
linking...
Program Size: Code=9576 RO-data=1068 RW-data=520 ZI-data=11928  
FromELF: creating hex file...
".\output\prject.axf" - 0 Error(s), 12 Warning(s).
Rebuild target 'STM32F103C8T6'
assembling startup_stm32f10x_md.s...
compiling core_cm3.c...
compiling system_stm32f10x.c...
compiling misc.c...
compiling stm32f10x_rcc.c...
compiling stm32f10x_gpio.c...
compiling stm32f10x_usart.c...
compiling stm32f10x_tim.c...
compiling stm32f10x_adc.c...
compiling stm32f10x_dma.c...
compiling stm32f10x_exti.c...
compiling stm32f10x_flash.c...
compiling usb_core.c...
compiling usb_init.c...
compiling usb_int.c...
compiling usb_mem.c...
compiling usb_regs.c...
compiling usb_sil.c...
compiling m3_sys.c...
compiling uart.c...
compiling retarget.c...
compiling main.c...
src\main.c(121): warning:  #186-D: pointless comparison of unsigned integer with zero
src\main.c(129): warning:  #188-D: enumerated type mixed with another type
src\main.c(133): warning:  #188-D: enumerated type mixed with another type
src\main.c(183): warning:  #188-D: enumerated type mixed with another type
src\main.c(198): warning:  #188-D: enumerated type mixed with another type
compiling gpio.c...
compiling tr.c...
src\tr.c(7294): warning:  #177-D: variable "i" was declared but never referenced
src\tr.c(7294): warning:  #177-D: variable "ret" was declared but never referenced
src\tr.c(7354): warning:  #111-D: statement is unreachable
src\tr.c(7356): warning:  #223-D: function "memset" declared implicitly
src\tr.c(7515): warning:  #128-D: loop is not reachable
compiling adc.c...
compiling tim.c...
compiling hw_config.c...
compiling user_config.c...
compiling Gpio_operate.c...
src\Gpio_operate.c(20): warning:  #186-D: pointless comparison of unsigned integer with zero
compiling usb_pwr.c...
compiling usb_desc.c...
compiling usb_endp.c...
compiling usb_istr.c...
compiling usb_prop.c...
compiling stm32f10x_it.c...
linking...
Program Size: Code=9576 RO-data=1068 RW-data=520 ZI-data=11928  
FromELF: creating hex file...
".\output\prject.axf" - 0 Error(s), 11 Warning(s).
Rebuild target 'STM32F103C8T6'
assembling startup_stm32f10x_md.s...
compiling core_cm3.c...
compiling system_stm32f10x.c...
compiling misc.c...
compiling stm32f10x_rcc.c...
compiling stm32f10x_gpio.c...
compiling stm32f10x_usart.c...
compiling stm32f10x_tim.c...
compiling stm32f10x_adc.c...
compiling stm32f10x_dma.c...
compiling stm32f10x_exti.c...
compiling stm32f10x_flash.c...
compiling usb_core.c...
compiling usb_init.c...
compiling usb_int.c...
compiling usb_mem.c...
compiling usb_regs.c...
compiling usb_sil.c...
compiling m3_sys.c...
compiling uart.c...
compiling retarget.c...
compiling main.c...
src\main.c(121): warning:  #186-D: pointless comparison of unsigned integer with zero
src\main.c(129): warning:  #188-D: enumerated type mixed with another type
src\main.c(133): warning:  #188-D: enumerated type mixed with another type
src\main.c(198): warning:  #188-D: enumerated type mixed with another type
compiling gpio.c...
compiling tr.c...
src\tr.c(7294): warning:  #177-D: variable "i" was declared but never referenced
src\tr.c(7294): warning:  #177-D: variable "ret" was declared but never referenced
src\tr.c(7354): warning:  #111-D: statement is unreachable
src\tr.c(7356): warning:  #223-D: function "memset" declared implicitly
src\tr.c(7515): warning:  #128-D: loop is not reachable
compiling adc.c...
compiling tim.c...
compiling hw_config.c...
compiling user_config.c...
compiling Gpio_operate.c...
src\Gpio_operate.c(20): warning:  #186-D: pointless comparison of unsigned integer with zero
compiling usb_pwr.c...
compiling usb_desc.c...
compiling usb_endp.c...
compiling usb_istr.c...
compiling usb_prop.c...
compiling stm32f10x_it.c...
linking...
Program Size: Code=9576 RO-data=1068 RW-data=520 ZI-data=11928  
FromELF: creating hex file...
".\output\prject.axf" - 0 Error(s), 10 Warning(s).
Rebuild target 'STM32F103C8T6'
assembling startup_stm32f10x_md.s...
compiling core_cm3.c...
compiling system_stm32f10x.c...
compiling misc.c...
compiling stm32f10x_rcc.c...
compiling stm32f10x_gpio.c...
compiling stm32f10x_usart.c...
compiling stm32f10x_tim.c...
compiling stm32f10x_adc.c...
compiling stm32f10x_dma.c...
compiling stm32f10x_exti.c...
compiling stm32f10x_flash.c...
compiling usb_core.c...
compiling usb_init.c...
compiling usb_int.c...
compiling usb_mem.c...
compiling usb_regs.c...
compiling usb_sil.c...
compiling m3_sys.c...
compiling uart.c...
compiling retarget.c...
compiling main.c...
src\main.c(121): warning:  #186-D: pointless comparison of unsigned integer with zero
compiling gpio.c...
compiling tr.c...
src\tr.c(7294): warning:  #177-D: variable "i" was declared but never referenced
src\tr.c(7294): warning:  #177-D: variable "ret" was declared but never referenced
src\tr.c(7354): warning:  #111-D: statement is unreachable
src\tr.c(7356): warning:  #223-D: function "memset" declared implicitly
src\tr.c(7515): warning:  #128-D: loop is not reachable
compiling adc.c...
compiling tim.c...
compiling hw_config.c...
compiling user_config.c...
compiling Gpio_operate.c...
src\Gpio_operate.c(20): warning:  #186-D: pointless comparison of unsigned integer with zero
compiling usb_pwr.c...
compiling usb_desc.c...
compiling usb_endp.c...
compiling usb_istr.c...
compiling usb_prop.c...
compiling stm32f10x_it.c...
linking...
Program Size: Code=9576 RO-data=1068 RW-data=520 ZI-data=11928  
FromELF: creating hex file...
".\output\prject.axf" - 0 Error(s), 7 Warning(s).
Build target 'STM32F103C8T6'
compiling Gpio_operate.c...
src\Gpio_operate.c(20): warning:  #186-D: pointless comparison of unsigned integer with zero
linking...
Program Size: Code=9576 RO-data=1068 RW-data=520 ZI-data=11928  
FromELF: creating hex file...
".\output\prject.axf" - 0 Error(s), 1 Warning(s).
Build target 'STM32F103C8T6'
compiling Gpio_operate.c...
src\Gpio_operate.c(20): warning:  #186-D: pointless comparison of unsigned integer with zero
linking...
Program Size: Code=9576 RO-data=1068 RW-data=520 ZI-data=11928  
FromELF: creating hex file...
".\output\prject.axf" - 0 Error(s), 1 Warning(s).
Build target 'STM32F103C8T6'
compiling main.c...
src\main.c(121): warning:  #186-D: pointless comparison of unsigned integer with zero
compiling gpio.c...
compiling tr.c...
src\tr.c(7294): warning:  #177-D: variable "i" was declared but never referenced
src\tr.c(7294): warning:  #177-D: variable "ret" was declared but never referenced
src\tr.c(7354): warning:  #111-D: statement is unreachable
src\tr.c(7356): warning:  #223-D: function "memset" declared implicitly
src\tr.c(7515): warning:  #128-D: loop is not reachable
compiling tim.c...
compiling Gpio_operate.c...
src\Gpio_operate.c(20): warning:  #186-D: pointless comparison of unsigned integer with zero
compiling stm32f10x_it.c...
linking...
Program Size: Code=9576 RO-data=1068 RW-data=520 ZI-data=11928  
FromELF: creating hex file...
".\output\prject.axf" - 0 Error(s), 7 Warning(s).
Build target 'STM32F103C8T6'
compiling gpio.c...
linking...
Program Size: Code=9576 RO-data=1068 RW-data=520 ZI-data=11928  
FromELF: creating hex file...
".\output\prject.axf" - 0 Error(s), 0 Warning(s).
Clean started: Project: 'prject'
   deleting intermediate output files for target 'STM32F103C8T6'
Rebuild target 'STM32F103C8T6'
assembling startup_stm32f10x_md.s...
compiling core_cm3.c...
compiling system_stm32f10x.c...
compiling misc.c...
compiling stm32f10x_rcc.c...
compiling stm32f10x_gpio.c...
compiling stm32f10x_usart.c...
compiling stm32f10x_tim.c...
compiling stm32f10x_adc.c...
compiling stm32f10x_dma.c...
compiling stm32f10x_exti.c...
compiling stm32f10x_flash.c...
compiling usb_core.c...
compiling usb_init.c...
compiling usb_int.c...
compiling usb_mem.c...
compiling usb_regs.c...
compiling usb_sil.c...
compiling m3_sys.c...
compiling uart.c...
compiling retarget.c...
compiling main.c...
src\main.c(121): warning:  #186-D: pointless comparison of unsigned integer with zero
compiling gpio.c...
compiling tr.c...
src\tr.c(7294): warning:  #177-D: variable "i" was declared but never referenced
src\tr.c(7294): warning:  #177-D: variable "ret" was declared but never referenced
src\tr.c(7354): warning:  #111-D: statement is unreachable
src\tr.c(7356): warning:  #223-D: function "memset" declared implicitly
src\tr.c(7515): warning:  #128-D: loop is not reachable
compiling adc.c...
compiling tim.c...
compiling hw_config.c...
compiling user_config.c...
compiling Gpio_operate.c...
src\Gpio_operate.c(20): warning:  #186-D: pointless comparison of unsigned integer with zero
compiling usb_pwr.c...
compiling usb_desc.c...
compiling usb_endp.c...
compiling usb_istr.c...
compiling usb_prop.c...
compiling stm32f10x_it.c...
linking...
Program Size: Code=9576 RO-data=1068 RW-data=520 ZI-data=11928  
FromELF: creating hex file...
".\output\prject.axf" - 0 Error(s), 7 Warning(s).
Build target 'STM32F103C8T6'
compiling gpio.c...
linking...
Program Size: Code=9576 RO-data=1068 RW-data=520 ZI-data=11928  
FromELF: creating hex file...
".\output\prject.axf" - 0 Error(s), 0 Warning(s).
Build target 'STM32F103C8T6'
linking...
Program Size: Code=9576 RO-data=1068 RW-data=520 ZI-data=11928  
FromELF: creating hex file...
".\output\prject.axf" - 0 Error(s), 0 Warning(s).
compiling main.c...
src\main.c(121): warning:  #186-D: pointless comparison of unsigned integer with zero
src\main.c - 0 Error(s), 1 Warning(s).
Rebuild target 'STM32F103C8T6'
assembling startup_stm32f10x_md.s...
compiling core_cm3.c...
compiling system_stm32f10x.c...
compiling misc.c...
compiling stm32f10x_rcc.c...
compiling stm32f10x_gpio.c...
compiling stm32f10x_usart.c...
compiling stm32f10x_tim.c...
compiling stm32f10x_adc.c...
compiling stm32f10x_dma.c...
compiling stm32f10x_exti.c...
compiling stm32f10x_flash.c...
compiling usb_core.c...
compiling usb_init.c...
compiling usb_int.c...
compiling usb_mem.c...
compiling usb_regs.c...
compiling usb_sil.c...
compiling m3_sys.c...
compiling uart.c...
compiling retarget.c...
compiling main.c...
src\main.c(121): warning:  #186-D: pointless comparison of unsigned integer with zero
compiling gpio.c...
compiling tr.c...
src\tr.c(7294): warning:  #177-D: variable "i" was declared but never referenced
src\tr.c(7294): warning:  #177-D: variable "ret" was declared but never referenced
src\tr.c(7354): warning:  #111-D: statement is unreachable
src\tr.c(7356): warning:  #223-D: function "memset" declared implicitly
src\tr.c(7515): warning:  #128-D: loop is not reachable
compiling adc.c...
compiling tim.c...
compiling hw_config.c...
compiling user_config.c...
compiling Gpio_operate.c...
src\Gpio_operate.c(20): warning:  #186-D: pointless comparison of unsigned integer with zero
compiling usb_pwr.c...
compiling usb_desc.c...
compiling usb_endp.c...
compiling usb_istr.c...
compiling usb_prop.c...
compiling stm32f10x_it.c...
linking...
Program Size: Code=9576 RO-data=1068 RW-data=520 ZI-data=11928  
FromELF: creating hex file...
".\output\prject.axf" - 0 Error(s), 7 Warning(s).
Build target 'STM32F103C8T6'
compiling gpio.c...
linking...
Program Size: Code=9576 RO-data=1068 RW-data=520 ZI-data=11928  
FromELF: creating hex file...
".\output\prject.axf" - 0 Error(s), 0 Warning(s).
Rebuild target 'STM32F103C8T6'
assembling startup_stm32f10x_md.s...
compiling core_cm3.c...
compiling system_stm32f10x.c...
compiling misc.c...
compiling stm32f10x_rcc.c...
compiling stm32f10x_gpio.c...
compiling stm32f10x_usart.c...
compiling stm32f10x_tim.c...
compiling stm32f10x_adc.c...
compiling stm32f10x_dma.c...
compiling stm32f10x_exti.c...
compiling stm32f10x_flash.c...
compiling usb_core.c...
compiling usb_init.c...
compiling usb_int.c...
compiling usb_mem.c...
compiling usb_regs.c...
compiling usb_sil.c...
compiling m3_sys.c...
compiling uart.c...
compiling retarget.c...
compiling main.c...
src\main.c(121): warning:  #186-D: pointless comparison of unsigned integer with zero
compiling gpio.c...
compiling tr.c...
src\tr.c(7294): warning:  #177-D: variable "i" was declared but never referenced
src\tr.c(7294): warning:  #177-D: variable "ret" was declared but never referenced
src\tr.c(7354): warning:  #111-D: statement is unreachable
src\tr.c(7356): warning:  #223-D: function "memset" declared implicitly
src\tr.c(7515): warning:  #128-D: loop is not reachable
compiling adc.c...
compiling tim.c...
compiling hw_config.c...
src\hw_config.c(87): warning:  #177-D: variable "GPIO_InitStructure" was declared but never referenced
compiling user_config.c...
compiling Gpio_operate.c...
src\Gpio_operate.c(20): warning:  #186-D: pointless comparison of unsigned integer with zero
compiling usb_pwr.c...
compiling usb_desc.c...
compiling usb_endp.c...
compiling usb_istr.c...
compiling usb_prop.c...
compiling stm32f10x_it.c...
linking...
Program Size: Code=9336 RO-data=1068 RW-data=520 ZI-data=11928  
FromELF: creating hex file...
".\output\prject.axf" - 0 Error(s), 8 Warning(s).
Build target 'STM32F103C8T6'
compiling main.c...
src\main.c(121): warning:  #186-D: pointless comparison of unsigned integer with zero
linking...
Program Size: Code=9360 RO-data=1068 RW-data=520 ZI-data=11928  
FromELF: creating hex file...
".\output\prject.axf" - 0 Error(s), 1 Warning(s).
Rebuild target 'STM32F103C8T6'
assembling startup_stm32f10x_md.s...
compiling core_cm3.c...
compiling system_stm32f10x.c...
compiling misc.c...
compiling stm32f10x_rcc.c...
compiling stm32f10x_gpio.c...
compiling stm32f10x_usart.c...
compiling stm32f10x_tim.c...
compiling stm32f10x_adc.c...
compiling stm32f10x_dma.c...
compiling stm32f10x_exti.c...
compiling stm32f10x_flash.c...
compiling usb_core.c...
compiling usb_init.c...
compiling usb_int.c...
compiling usb_mem.c...
compiling usb_regs.c...
compiling usb_sil.c...
compiling m3_sys.c...
compiling uart.c...
compiling retarget.c...
compiling main.c...
src\main.c(121): warning:  #186-D: pointless comparison of unsigned integer with zero
compiling gpio.c...
compiling tr.c...
src\tr.c(7294): warning:  #177-D: variable "i" was declared but never referenced
src\tr.c(7294): warning:  #177-D: variable "ret" was declared but never referenced
src\tr.c(7354): warning:  #111-D: statement is unreachable
src\tr.c(7356): warning:  #223-D: function "memset" declared implicitly
src\tr.c(7515): warning:  #128-D: loop is not reachable
compiling adc.c...
compiling tim.c...
compiling hw_config.c...
src\hw_config.c(87): warning:  #177-D: variable "GPIO_InitStructure" was declared but never referenced
compiling user_config.c...
compiling Gpio_operate.c...
src\Gpio_operate.c(20): warning:  #186-D: pointless comparison of unsigned integer with zero
compiling usb_pwr.c...
compiling usb_desc.c...
compiling usb_endp.c...
compiling usb_istr.c...
compiling usb_prop.c...
compiling stm32f10x_it.c...
linking...
Program Size: Code=9476 RO-data=1068 RW-data=520 ZI-data=11928  
FromELF: creating hex file...
".\output\prject.axf" - 0 Error(s), 8 Warning(s).
Rebuild target 'STM32F103C8T6'
assembling startup_stm32f10x_md.s...
compiling core_cm3.c...
compiling system_stm32f10x.c...
compiling misc.c...
compiling stm32f10x_rcc.c...
compiling stm32f10x_gpio.c...
compiling stm32f10x_usart.c...
compiling stm32f10x_tim.c...
compiling stm32f10x_adc.c...
compiling stm32f10x_dma.c...
compiling stm32f10x_exti.c...
compiling stm32f10x_flash.c...
compiling usb_core.c...
compiling usb_init.c...
compiling usb_int.c...
compiling usb_mem.c...
compiling usb_regs.c...
compiling usb_sil.c...
compiling m3_sys.c...
compiling uart.c...
compiling retarget.c...
compiling main.c...
src\main.c(121): warning:  #186-D: pointless comparison of unsigned integer with zero
compiling gpio.c...
compiling tr.c...
src\tr.c(7294): warning:  #177-D: variable "i" was declared but never referenced
src\tr.c(7294): warning:  #177-D: variable "ret" was declared but never referenced
src\tr.c(7354): warning:  #111-D: statement is unreachable
src\tr.c(7356): warning:  #223-D: function "memset" declared implicitly
src\tr.c(7515): warning:  #128-D: loop is not reachable
compiling adc.c...
compiling tim.c...
compiling hw_config.c...
src\hw_config.c(87): warning:  #177-D: variable "GPIO_InitStructure" was declared but never referenced
compiling user_config.c...
compiling Gpio_operate.c...
src\Gpio_operate.c(20): warning:  #186-D: pointless comparison of unsigned integer with zero
compiling usb_pwr.c...
compiling usb_desc.c...
compiling usb_endp.c...
compiling usb_istr.c...
compiling usb_prop.c...
compiling stm32f10x_it.c...
linking...
Program Size: Code=9476 RO-data=1068 RW-data=520 ZI-data=11928  
FromELF: creating hex file...
".\output\prject.axf" - 0 Error(s), 8 Warning(s).
