ARM Linker, 5.03 [Build 24] [MDK-ARM Lite]

==============================================================================

Section Cross References

    startup_stm32f10x_md.o(RESET) refers to startup_stm32f10x_md.o(STACK) for __initial_sp
    startup_stm32f10x_md.o(RESET) refers to startup_stm32f10x_md.o(.text) for Reset_Handler
    startup_stm32f10x_md.o(RESET) refers to stm32f10x_it.o(i.NMI_Handler) for NMI_Handler
    startup_stm32f10x_md.o(RESET) refers to stm32f10x_it.o(i.HardFault_Handler) for HardFault_Handler
    startup_stm32f10x_md.o(RESET) refers to stm32f10x_it.o(i.MemManage_Handler) for MemManage_Handler
    startup_stm32f10x_md.o(RESET) refers to stm32f10x_it.o(i.BusFault_Handler) for BusFault_Handler
    startup_stm32f10x_md.o(RESET) refers to stm32f10x_it.o(i.UsageFault_Handler) for UsageFault_Handler
    startup_stm32f10x_md.o(RESET) refers to stm32f10x_it.o(i.SVC_Handler) for SVC_Handler
    startup_stm32f10x_md.o(RESET) refers to stm32f10x_it.o(i.DebugMon_Handler) for DebugMon_Handler
    startup_stm32f10x_md.o(RESET) refers to stm32f10x_it.o(i.PendSV_Handler) for PendSV_Handler
    startup_stm32f10x_md.o(RESET) refers to stm32f10x_it.o(i.SysTick_Handler) for SysTick_Handler
    startup_stm32f10x_md.o(RESET) refers to stm32f10x_it.o(i.USB_LP_CAN1_RX0_IRQHandler) for USB_LP_CAN1_RX0_IRQHandler
    startup_stm32f10x_md.o(RESET) refers to i2c_slave.o(i.I2C1_EV_IRQHandler) for I2C1_EV_IRQHandler
    startup_stm32f10x_md.o(RESET) refers to i2c_slave.o(i.I2C1_ER_IRQHandler) for I2C1_ER_IRQHandler
    startup_stm32f10x_md.o(RESET) refers to uart.o(i.USART1_IRQHandler) for USART1_IRQHandler
    startup_stm32f10x_md.o(RESET) refers to uart.o(i.USART2_IRQHandler) for USART2_IRQHandler
    startup_stm32f10x_md.o(.text) refers to system_stm32f10x.o(i.SystemInit) for SystemInit
    startup_stm32f10x_md.o(.text) refers to entry.o(.ARM.Collect$$$$00000000) for __main
    system_stm32f10x.o(i.SetSysClock) refers to system_stm32f10x.o(i.SetSysClockTo72) for SetSysClockTo72
    system_stm32f10x.o(i.SystemCoreClockUpdate) refers to system_stm32f10x.o(.data) for .data
    system_stm32f10x.o(i.SystemInit) refers to system_stm32f10x.o(i.SetSysClock) for SetSysClock
    misc.o(i.NVIC_Configuration) refers to misc.o(i.NVIC_SetVectorTable) for NVIC_SetVectorTable
    stm32f10x_rcc.o(i.RCC_GetClocksFreq) refers to stm32f10x_rcc.o(.data) for .data
    stm32f10x_rcc.o(i.RCC_WaitForHSEStartUp) refers to stm32f10x_rcc.o(i.RCC_GetFlagStatus) for RCC_GetFlagStatus
    stm32f10x_gpio.o(i.GPIO_AFIODeInit) refers to stm32f10x_rcc.o(i.RCC_APB2PeriphResetCmd) for RCC_APB2PeriphResetCmd
    stm32f10x_gpio.o(i.GPIO_DeInit) refers to stm32f10x_rcc.o(i.RCC_APB2PeriphResetCmd) for RCC_APB2PeriphResetCmd
    stm32f10x_usart.o(i.USART_DeInit) refers to stm32f10x_rcc.o(i.RCC_APB2PeriphResetCmd) for RCC_APB2PeriphResetCmd
    stm32f10x_usart.o(i.USART_DeInit) refers to stm32f10x_rcc.o(i.RCC_APB1PeriphResetCmd) for RCC_APB1PeriphResetCmd
    stm32f10x_usart.o(i.USART_Init) refers to stm32f10x_rcc.o(i.RCC_GetClocksFreq) for RCC_GetClocksFreq
    stm32f10x_tim.o(i.TIM_DeInit) refers to stm32f10x_rcc.o(i.RCC_APB2PeriphResetCmd) for RCC_APB2PeriphResetCmd
    stm32f10x_tim.o(i.TIM_DeInit) refers to stm32f10x_rcc.o(i.RCC_APB1PeriphResetCmd) for RCC_APB1PeriphResetCmd
    stm32f10x_tim.o(i.TIM_ETRClockMode1Config) refers to stm32f10x_tim.o(i.TIM_ETRConfig) for TIM_ETRConfig
    stm32f10x_tim.o(i.TIM_ETRClockMode2Config) refers to stm32f10x_tim.o(i.TIM_ETRConfig) for TIM_ETRConfig
    stm32f10x_tim.o(i.TIM_ICInit) refers to stm32f10x_tim.o(i.TI4_Config) for TI4_Config
    stm32f10x_tim.o(i.TIM_ICInit) refers to stm32f10x_tim.o(i.TIM_SetIC4Prescaler) for TIM_SetIC4Prescaler
    stm32f10x_tim.o(i.TIM_ICInit) refers to stm32f10x_tim.o(i.TI1_Config) for TI1_Config
    stm32f10x_tim.o(i.TIM_ICInit) refers to stm32f10x_tim.o(i.TIM_SetIC1Prescaler) for TIM_SetIC1Prescaler
    stm32f10x_tim.o(i.TIM_ICInit) refers to stm32f10x_tim.o(i.TI2_Config) for TI2_Config
    stm32f10x_tim.o(i.TIM_ICInit) refers to stm32f10x_tim.o(i.TIM_SetIC2Prescaler) for TIM_SetIC2Prescaler
    stm32f10x_tim.o(i.TIM_ICInit) refers to stm32f10x_tim.o(i.TI3_Config) for TI3_Config
    stm32f10x_tim.o(i.TIM_ICInit) refers to stm32f10x_tim.o(i.TIM_SetIC3Prescaler) for TIM_SetIC3Prescaler
    stm32f10x_tim.o(i.TIM_ITRxExternalClockConfig) refers to stm32f10x_tim.o(i.TIM_SelectInputTrigger) for TIM_SelectInputTrigger
    stm32f10x_tim.o(i.TIM_PWMIConfig) refers to stm32f10x_tim.o(i.TI2_Config) for TI2_Config
    stm32f10x_tim.o(i.TIM_PWMIConfig) refers to stm32f10x_tim.o(i.TIM_SetIC2Prescaler) for TIM_SetIC2Prescaler
    stm32f10x_tim.o(i.TIM_PWMIConfig) refers to stm32f10x_tim.o(i.TI1_Config) for TI1_Config
    stm32f10x_tim.o(i.TIM_PWMIConfig) refers to stm32f10x_tim.o(i.TIM_SetIC1Prescaler) for TIM_SetIC1Prescaler
    stm32f10x_tim.o(i.TIM_TIxExternalClockConfig) refers to stm32f10x_tim.o(i.TI1_Config) for TI1_Config
[...]
    ../fplib/microlib/fpfix.c                0x00000000   Number         0  dfixul.o ABSOLUTE
    ../fplib/microlib/fpflt.c                0x00000000   Number         0  dflti.o ABSOLUTE
    ../fplib/microlib/fpflt.c                0x00000000   Number         0  dfltui.o ABSOLUTE
    ../fplib/microlib/fpmul.c                0x00000000   Number         0  dmul.o ABSOLUTE
    ..\Libraries\CMSIS\CoreSupport\core_cm3.c 0x00000000   Number         0  core_cm3.o ABSOLUTE
    ..\Libraries\CMSIS\STM32F10x\startup\startup_stm32f10x_md.s 0x00000000   Number         0  startup_stm32f10x_md.o ABSOLUTE
    ..\Libraries\CMSIS\STM32F10x\system_stm32f10x.c 0x00000000   Number         0  system_stm32f10x.o ABSOLUTE
    ..\Libraries\STM32F10x_StdPeriph_Driver\src\misc.c 0x00000000   Number         0  misc.o ABSOLUTE
    ..\Libraries\STM32F10x_StdPeriph_Driver\src\stm32f10x_adc.c 0x00000000   Number         0  stm32f10x_adc.o ABSOLUTE
    ..\Libraries\STM32F10x_StdPeriph_Driver\src\stm32f10x_dma.c 0x00000000   Number         0  stm32f10x_dma.o ABSOLUTE
    ..\Libraries\STM32F10x_StdPeriph_Driver\src\stm32f10x_exti.c 0x00000000   Number         0  stm32f10x_exti.o ABSOLUTE
    ..\Libraries\STM32F10x_StdPeriph_Driver\src\stm32f10x_flash.c 0x00000000   Number         0  stm32f10x_flash.o ABSOLUTE
    ..\Libraries\STM32F10x_StdPeriph_Driver\src\stm32f10x_gpio.c 0x00000000   Number         0  stm32f10x_gpio.o ABSOLUTE
    ..\Libraries\STM32F10x_StdPeriph_Driver\src\stm32f10x_i2c.c 0x00000000   Number         0  stm32f10x_i2c.o ABSOLUTE
    ..\Libraries\STM32F10x_StdPeriph_Driver\src\stm32f10x_rcc.c 0x00000000   Number         0  stm32f10x_rcc.o ABSOLUTE
    ..\Libraries\STM32F10x_StdPeriph_Driver\src\stm32f10x_tim.c 0x00000000   Number         0  stm32f10x_tim.o ABSOLUTE
    ..\Libraries\STM32F10x_StdPeriph_Driver\src\stm32f10x_usart.c 0x00000000   Number         0  stm32f10x_usart.o ABSOLUTE
    ..\Libraries\STM32_USB-FS-Device_Driver\src\usb_core.c 0x00000000   Number         0  usb_core.o ABSOLUTE
    ..\Libraries\STM32_USB-FS-Device_Driver\src\usb_init.c 0x00000000   Number         0  usb_init.o ABSOLUTE
    ..\Libraries\STM32_USB-FS-Device_Driver\src\usb_int.c 0x00000000   Number         0  usb_int.o ABSOLUTE
    ..\Libraries\STM32_USB-FS-Device_Driver\src\usb_mem.c 0x00000000   Number         0  usb_mem.o ABSOLUTE
    ..\Libraries\STM32_USB-FS-Device_Driver\src\usb_regs.c 0x00000000   Number         0  usb_regs.o ABSOLUTE
    ..\Libraries\STM32_USB-FS-Device_Driver\src\usb_sil.c 0x00000000   Number         0  usb_sil.o ABSOLUTE
    ..\\Libraries\\CMSIS\\CoreSupport\\core_cm3.c 0x00000000   Number         0  core_cm3.o ABSOLUTE
    cdcmple.s                                0x00000000   Number         0  cdcmple.o ABSOLUTE
    cdrcmple.s                               0x00000000   Number         0  cdrcmple.o ABSOLUTE
    dc.s                                     0x00000000   Number         0  dc.o ABSOLUTE
    handlers.s                               0x00000000   Number         0  handlers.o ABSOLUTE
    init.s                                   0x00000000   Number         0  init.o ABSOLUTE
    src\I2c_slave.c                          0x00000000   Number         0  i2c_slave.o ABSOLUTE
    src\adc.c                                0x00000000   Number         0  adc.o ABSOLUTE
    src\gpio.c                               0x00000000   Number         0  gpio.o ABSOLUTE
    src\hw_config.c                          0x00000000   Number         0  hw_config.o ABSOLUTE
    src\m3_sys.c                             0x00000000   Number         0  m3_sys.o ABSOLUTE
    src\main.c                               0x00000000   Number         0  main.o ABSOLUTE
    src\retarget.c                           0x00000000   Number         0  retarget.o ABSOLUTE
    src\stm32f10x_it.c                       0x00000000   Number         0  stm32f10x_it.o ABSOLUTE
    src\tim.c                                0x00000000   Number         0  tim.o ABSOLUTE
    src\tr.c                                 0x00000000   Number         0  tr.o ABSOLUTE
    src\uart.c                               0x00000000   Number         0  uart.o ABSOLUTE
    src\usb_desc.c                           0x00000000   Number         0  usb_desc.o ABSOLUTE
    src\usb_endp.c                           0x00000000   Number         0  usb_endp.o ABSOLUTE
    src\usb_istr.c                           0x00000000   Number         0  usb_istr.o ABSOLUTE
    src\usb_prop.c                           0x00000000   Number         0  usb_prop.o ABSOLUTE
    src\usb_pwr.c                            0x00000000   Number         0  usb_pwr.o ABSOLUTE
    src\user_config.c                        0x00000000   Number         0  user_config.o ABSOLUTE
    RESET                                    0x08000000   Section      236  startup_stm32f10x_md.o(RESET)
    .ARM.Collect$$$$00000000                 0x080000ec   Section        0  entry.o(.ARM.Collect$$$$00000000)
    .ARM.Collect$$$$00000001                 0x080000ec   Section        4  entry2.o(.ARM.Collect$$$$00000001)
    .ARM.Collect$$$$00000004                 0x080000f0   Section        4  entry5.o(.ARM.Collect$$$$00000004)
    .ARM.Collect$$$$00000008                 0x080000f4   Section        0  entry7b.o(.ARM.Collect$$$$00000008)
    .ARM.Collect$$$$0000000A                 0x080000f4   Section        0  entry8b.o(.ARM.Collect$$$$0000000A)
    .ARM.Collect$$$$0000000B                 0x080000f4   Section        8  entry9a.o(.ARM.Collect$$$$0000000B)
    .ARM.Collect$$$$0000000D                 0x080000fc   Section        0  entry10a.o(.ARM.Collect$$$$0000000D)
    .ARM.Collect$$$$0000000F                 0x080000fc   Section        0  entry11a.o(.ARM.Collect$$$$0000000F)
    .ARM.Collect$$$$00002712                 0x080000fc   Section        4  entry2.o(.ARM.Collect$$$$00002712)
    __lit__00000000                          0x080000fc   Data           4  entry2.o(.ARM.Collect$$$$00002712)
    .text                                    0x08000100   Section       36  startup_stm32f10x_md.o(.text)
    .text                                    0x08000124   Section        0  uldiv.o(.text)
    .text                                    0x08000186   Section        0  llshl.o(.text)
    .text                                    0x080001a4   Section       36  init.o(.text)
    .text                                    0x080001c8   Section        0  llushr.o(.text)
    .text                                    0x080001e8   Section        0  __dczerorl2.o(.text)
    i.BusFault_Handler                       0x08000244   Section        0  stm32f10x_it.o(i.BusFault_Handler)
    i.ByteSwap                               0x08000246   Section        0  usb_regs.o(i.ByteSwap)
    i.COM_Full_Init                          0x08000250   Section        0  uart.o(i.COM_Full_Init)
    i.CTR_LP                                 0x08000268   Section        0  usb_int.o(i.CTR_LP)
    i.ClearDTOG_RX                           0x0800040c   Section        0  usb_regs.o(i.ClearDTOG_RX)
    i.ClearDTOG_TX                           0x08000430   Section        0  usb_regs.o(i.ClearDTOG_TX)
    i.Clear_Status_Out                       0x08000454   Section        0  usb_regs.o(i.Clear_Status_Out)
    i.CustomHID_Data_Setup                   0x08000470   Section        0  usb_prop.o(i.CustomHID_Data_Setup)
    i.CustomHID_GetConfigDescriptor          0x080004fc   Section        0  usb_prop.o(i.CustomHID_GetConfigDescriptor)
    i.CustomHID_GetDeviceDescriptor          0x08000508   Section        0  usb_prop.o(i.CustomHID_GetDeviceDescriptor)
    i.CustomHID_GetHIDDescriptor             0x08000514   Section        0  usb_prop.o(i.CustomHID_GetHIDDescriptor)
    i.CustomHID_GetProtocolValue             0x08000520   Section        0  usb_prop.o(i.CustomHID_GetProtocolValue)
    i.CustomHID_GetReportDescriptor          0x0800053c   Section        0  usb_prop.o(i.CustomHID_GetReportDescriptor)
    i.CustomHID_GetReport_Feature            0x08000548   Section        0  usb_prop.o(i.CustomHID_GetReport_Feature)
    i.CustomHID_GetStringDescriptor          0x0800056c   Section        0  usb_prop.o(i.CustomHID_GetStringDescriptor)
    i.CustomHID_Get_Interface_Setting        0x0800058c   Section        0  usb_prop.o(i.CustomHID_Get_Interface_Setting)
    i.CustomHID_NoData_Setup                 0x080005a0   Section        0  usb_prop.o(i.CustomHID_NoData_Setup)
    i.CustomHID_Reset                        0x080005c0   Section        0  usb_prop.o(i.CustomHID_Reset)
    i.CustomHID_SetConfiguration             0x08000674   Section        0  usb_prop.o(i.CustomHID_SetConfiguration)
    i.CustomHID_SetDeviceAddress             0x08000690   Section        0  usb_prop.o(i.CustomHID_SetDeviceAddress)
    i.CustomHID_SetProtocol                  0x0800069c   Section        0  usb_prop.o(i.CustomHID_SetProtocol)
    i.CustomHID_SetReport_Feature            0x080006b4   Section        0  usb_prop.o(i.CustomHID_SetReport_Feature)
    i.CustomHID_Status_In                    0x080006dc   Section        0  usb_prop.o(i.CustomHID_Status_In)
    i.CustomHID_Status_Out                   0x08000708   Section        0  usb_prop.o(i.CustomHID_Status_Out)
    i.CustomHID_init                         0x08000734   Section        0  usb_prop.o(i.CustomHID_init)
    i.DataStageIn                            0x08000764   Section        0  usb_core.o(i.DataStageIn)
    DataStageIn                              0x08000765   Thumb Code   158  usb_core.o(i.DataStageIn)
    i.DataStageOut                           0x0800081c   Section        0  usb_core.o(i.DataStageOut)
    DataStageOut                             0x0800081d   Thumb Code   140  usb_core.o(i.DataStageOut)
    i.Data_Setup0                            0x080008bc   Section        0  usb_core.o(i.Data_Setup0)
    Data_Setup0                              0x080008bd   Thumb Code   394  usb_core.o(i.Data_Setup0)
    i.DebugMon_Handler                       0x08000a6c   Section        0  stm32f10x_it.o(i.DebugMon_Handler)
    i.Discern_Usb                            0x08000a70   Section        0  hw_config.o(i.Discern_Usb)
    i.EP1_IN_Callback                        0x08000aa4   Section        0  usb_endp.o(i.EP1_IN_Callback)
    i.EP1_OUT_Callback                       0x08000aa6   Section        0  usb_endp.o(i.EP1_OUT_Callback)
    i.Enter_LowPowerMode                     0x08000aa8   Section        0  hw_config.o(i.Enter_LowPowerMode)
    i.FLASH_PrefetchBufferCmd                0x08000ab4   Section        0  stm32f10x_flash.o(i.FLASH_PrefetchBufferCmd)
    i.FLASH_SetLatency                       0x08000acc   Section        0  stm32f10x_flash.o(i.FLASH_SetLatency)
    i.GPIO_Init                              0x08000ae0   Section        0  stm32f10x_gpio.o(i.GPIO_Init)
    i.GPIO_PinRemapConfig                    0x08000b84   Section        0  stm32f10x_gpio.o(i.GPIO_PinRemapConfig)
    i.GPIO_ResetBits                         0x08000be0   Section        0  stm32f10x_gpio.o(i.GPIO_ResetBits)
    i.GPIO_SetBits                           0x08000be4   Section        0  stm32f10x_gpio.o(i.GPIO_SetBits)
    i.GetEPRxAddr                            0x08000be8   Section        0  usb_regs.o(i.GetEPRxAddr)
    i.GetEPTxAddr                            0x08000c08   Section        0  usb_regs.o(i.GetEPTxAddr)
    i.Get_SerialNum                          0x08000c24   Section        0  hw_config.o(i.Get_SerialNum)
    i.HardFault_Handler                      0x08000c5c   Section        0  stm32f10x_it.o(i.HardFault_Handler)
    i.I2C1_ER_IRQHandler                     0x08000c60   Section        0  i2c_slave.o(i.I2C1_ER_IRQHandler)
    i.I2C1_EV_IRQHandler                     0x08000cb4   Section        0  i2c_slave.o(i.I2C1_EV_IRQHandler)
    i.I2C1_Init                              0x08000dec   Section        0  main.o(i.I2C1_Init)
    i.I2C_ClearFlag                          0x08000e24   Section        0  stm32f10x_i2c.o(i.I2C_ClearFlag)
    i.I2C_Cmd                                0x08000e2a   Section        0  stm32f10x_i2c.o(i.I2C_Cmd)
    i.I2C_GenerateSTOP                       0x08000e42   Section        0  stm32f10x_i2c.o(i.I2C_GenerateSTOP)
    i.I2C_GetFlagStatus                      0x08000e5a   Section        0  stm32f10x_i2c.o(i.I2C_GetFlagStatus)
    i.I2C_GetLastEvent                       0x08000e8c   Section        0  stm32f10x_i2c.o(i.I2C_GetLastEvent)
    i.I2C_ITConfig                           0x08000e9a   Section        0  stm32f10x_i2c.o(i.I2C_ITConfig)
    i.I2C_Init                               0x08000eb0   Section        0  stm32f10x_i2c.o(i.I2C_Init)
    i.I2C_Parse_Recdata                      0x08000f6c   Section        0  main.o(i.I2C_Parse_Recdata)
    i.I2C_ReceiveData                        0x08000fcc   Section        0  stm32f10x_i2c.o(i.I2C_ReceiveData)
    i.I2C_SendData                           0x08000fd2   Section        0  stm32f10x_i2c.o(i.I2C_SendData)
    i.I2C_StructInit                         0x08000fd8   Section        0  stm32f10x_i2c.o(i.I2C_StructInit)
    i.In0_Process                            0x08000ffc   Section        0  usb_core.o(i.In0_Process)
    i.Init_AVCheck_GPIO                      0x0800105c   Section        0  gpio.o(i.Init_AVCheck_GPIO)
    i.Init_I2c_Gpio                          0x080010a8   Section        0  gpio.o(i.Init_I2c_Gpio)
    i.IntToUnicode                           0x080010d4   Section        0  hw_config.o(i.IntToUnicode)
    IntToUnicode                             0x080010d5   Thumb Code    58  hw_config.o(i.IntToUnicode)
    i.Leave_LowPowerMode                     0x08001110   Section        0  hw_config.o(i.Leave_LowPowerMode)
    i.MemManage_Handler                      0x08001130   Section        0  stm32f10x_it.o(i.MemManage_Handler)
    i.NMI_Handler                            0x08001132   Section        0  stm32f10x_it.o(i.NMI_Handler)
    i.NOP_Process                            0x08001134   Section        0  usb_core.o(i.NOP_Process)
    i.NVIC_I2c_Int_Configuration             0x08001138   Section        0  main.o(i.NVIC_I2c_Int_Configuration)
    i.NVIC_Init                              0x0800118c   Section        0  misc.o(i.NVIC_Init)
    i.NVIC_PriorityGroupConfig               0x080011f0   Section        0  misc.o(i.NVIC_PriorityGroupConfig)
    i.NoData_Setup0                          0x08001204   Section        0  usb_core.o(i.NoData_Setup0)
    NoData_Setup0                            0x08001205   Thumb Code   204  usb_core.o(i.NoData_Setup0)
    i.Out0_Process                           0x080012e4   Section        0  usb_core.o(i.Out0_Process)
    i.PMAToUserBufferCopy                    0x08001330   Section        0  usb_mem.o(i.PMAToUserBufferCopy)
    i.PendSV_Handler                         0x08001354   Section        0  stm32f10x_it.o(i.PendSV_Handler)
    i.Post0_Process                          0x08001358   Section        0  usb_core.o(i.Post0_Process)
    i.PowerOn                                0x08001398   Section        0  usb_pwr.o(i.PowerOn)
    i.RCC_APB1PeriphClockCmd                 0x080013c4   Section        0  stm32f10x_rcc.o(i.RCC_APB1PeriphClockCmd)
    i.RCC_APB2PeriphClockCmd                 0x080013e0   Section        0  stm32f10x_rcc.o(i.RCC_APB2PeriphClockCmd)
    i.RCC_DeInit                             0x080013fc   Section        0  stm32f10x_rcc.o(i.RCC_DeInit)
    i.RCC_GetClocksFreq                      0x0800143c   Section        0  stm32f10x_rcc.o(i.RCC_GetClocksFreq)
    i.RCC_GetFlagStatus                      0x080014e8   Section        0  stm32f10x_rcc.o(i.RCC_GetFlagStatus)
    i.RCC_GetSYSCLKSource                    0x08001518   Section        0  stm32f10x_rcc.o(i.RCC_GetSYSCLKSource)
    i.RCC_HCLKConfig                         0x08001528   Section        0  stm32f10x_rcc.o(i.RCC_HCLKConfig)
    i.RCC_HSEConfig                          0x0800153c   Section        0  stm32f10x_rcc.o(i.RCC_HSEConfig)
    i.RCC_PCLK1Config                        0x08001574   Section        0  stm32f10x_rcc.o(i.RCC_PCLK1Config)
    i.RCC_PCLK2Config                        0x08001588   Section        0  stm32f10x_rcc.o(i.RCC_PCLK2Config)
    i.RCC_PLLCmd                             0x0800159c   Section        0  stm32f10x_rcc.o(i.RCC_PLLCmd)
    i.RCC_PLLConfig                          0x080015a8   Section        0  stm32f10x_rcc.o(i.RCC_PLLConfig)
    i.RCC_SYSCLKConfig                       0x080015bc   Section        0  stm32f10x_rcc.o(i.RCC_SYSCLKConfig)
    i.RCC_USBCLKConfig                       0x080015d0   Section        0  stm32f10x_rcc.o(i.RCC_USBCLKConfig)
    i.RCC_WaitForHSEStartUp                  0x080015dc   Section        0  stm32f10x_rcc.o(i.RCC_WaitForHSEStartUp)
    i.Resume                                 0x0800160c   Section        0  usb_pwr.o(i.Resume)
    i.Resume_Init                            0x08001690   Section        0  usb_pwr.o(i.Resume_Init)
    i.SVC_Handler                            0x080016b0   Section        0  stm32f10x_it.o(i.SVC_Handler)
    i.SendChar                               0x080016b4   Section        0  uart.o(i.SendChar)
    i.SetBTABLE                              0x080016cc   Section        0  usb_regs.o(i.SetBTABLE)
    i.SetDeviceAddress                       0x080016dc   Section        0  usb_core.o(i.SetDeviceAddress)
    i.SetEPRxAddr                            0x0800171c   Section        0  usb_regs.o(i.SetEPRxAddr)
    i.SetEPRxCount                           0x0800173c   Section        0  usb_regs.o(i.SetEPRxCount)
    i.SetEPRxStatus                          0x08001780   Section        0  usb_regs.o(i.SetEPRxStatus)
    i.SetEPRxValid                           0x080017b0   Section        0  usb_regs.o(i.SetEPRxValid)
    i.SetEPTxAddr                            0x080017d4   Section        0  usb_regs.o(i.SetEPTxAddr)
    i.SetEPTxCount                           0x080017f4   Section        0  usb_regs.o(i.SetEPTxCount)
    i.SetEPTxStatus                          0x08001810   Section        0  usb_regs.o(i.SetEPTxStatus)
    i.SetEPTxValid                           0x08001840   Section        0  usb_regs.o(i.SetEPTxValid)
    i.SetEPType                              0x08001864   Section        0  usb_regs.o(i.SetEPType)
    i.SetSysClock                            0x0800187c   Section        0  system_stm32f10x.o(i.SetSysClock)
    SetSysClock                              0x0800187d   Thumb Code     4  system_stm32f10x.o(i.SetSysClock)
    i.SetSysClockTo72                        0x08001880   Section        0  system_stm32f10x.o(i.SetSysClockTo72)
    SetSysClockTo72                          0x08001881   Thumb Code   166  system_stm32f10x.o(i.SetSysClockTo72)
    i.Set_System                             0x08001930   Section        0  hw_config.o(i.Set_System)
    i.Set_USBClock                           0x080019bc   Section        0  hw_config.o(i.Set_USBClock)
    i.Setup0_Process                         0x080019d0   Section        0  usb_core.o(i.Setup0_Process)
    i.Standard_ClearFeature                  0x08001a44   Section        0  usb_core.o(i.Standard_ClearFeature)
    i.Standard_GetConfiguration              0x08001b40   Section        0  usb_core.o(i.Standard_GetConfiguration)
    i.Standard_GetDescriptorData             0x08001b68   Section        0  usb_core.o(i.Standard_GetDescriptorData)
    i.Standard_GetInterface                  0x08001b88   Section        0  usb_core.o(i.Standard_GetInterface)
    i.Standard_GetStatus                     0x08001bb0   Section        0  usb_core.o(i.Standard_GetStatus)
    i.Standard_SetConfiguration              0x08001c64   Section        0  usb_core.o(i.Standard_SetConfiguration)
    i.Standard_SetDeviceFeature              0x08001c9c   Section        0  usb_core.o(i.Standard_SetDeviceFeature)
    i.Standard_SetEndPointFeature            0x08001cc0   Section        0  usb_core.o(i.Standard_SetEndPointFeature)
    i.Standard_SetInterface                  0x08001d4c   Section        0  usb_core.o(i.Standard_SetInterface)
    i.Suspend                                0x08001d98   Section        0  usb_pwr.o(i.Suspend)
    i.SysTick_Handler                        0x08001db8   Section        0  stm32f10x_it.o(i.SysTick_Handler)
    i.SystemInit                             0x08001dbc   Section        0  system_stm32f10x.o(i.SystemInit)
    i.UART_NVIC_Configuration                0x08001e0c   Section        0  uart.o(i.UART_NVIC_Configuration)
    i.UART_SendChar                          0x08001e6c   Section        0  tr.o(i.UART_SendChar)
    i.USART1_IRQHandler                      0x08001e88   Section        0  uart.o(i.USART1_IRQHandler)
    i.USART2_IRQHandler                      0x08001f18   Section        0  uart.o(i.USART2_IRQHandler)
    i.USART_Cmd                              0x08002008   Section        0  stm32f10x_usart.o(i.USART_Cmd)
    i.USART_Configuration                    0x08002020   Section        0  uart.o(i.USART_Configuration)
    i.USART_GPIO_Configuration               0x08002070   Section        0  uart.o(i.USART_GPIO_Configuration)
    i.USART_ITConfig                         0x080020d0   Section        0  stm32f10x_usart.o(i.USART_ITConfig)
    i.USART_Init                             0x08002108   Section        0  stm32f10x_usart.o(i.USART_Init)
    i.USART_RCC_Configuration                0x080021c4   Section        0  uart.o(i.USART_RCC_Configuration)
    i.USB_Cable_Config                       0x080021e4   Section        0  hw_config.o(i.USB_Cable_Config)
    i.USB_Init                               0x08002200   Section        0  usb_init.o(i.USB_Init)
    i.USB_Interrupts_Config                  0x08002228   Section        0  hw_config.o(i.USB_Interrupts_Config)
    i.USB_Istr                               0x08002250   Section        0  usb_istr.o(i.USB_Istr)
    i.USB_LP_CAN1_RX0_IRQHandler             0x0800230c   Section        0  stm32f10x_it.o(i.USB_LP_CAN1_RX0_IRQHandler)
    i.USB_SIL_Init                           0x08002310   Section        0  usb_sil.o(i.USB_SIL_Init)
    i.USB_SIL_Write                          0x08002330   Section        0  usb_sil.o(i.USB_SIL_Write)
    i.UsageFault_Handler                     0x08002356   Section        0  stm32f10x_it.o(i.UsageFault_Handler)
    i.UserToPMABufferCopy                    0x08002358   Section        0  usb_mem.o(i.UserToPMABufferCopy)
    i.__0printf$8                            0x08002384   Section        0  printf8.o(i.__0printf$8)
    i.__scatterload_copy                     0x080023a4   Section       14  handlers.o(i.__scatterload_copy)
    i.__scatterload_null                     0x080023b2   Section        2  handlers.o(i.__scatterload_null)
    i.__scatterload_zeroinit                 0x080023b4   Section       14  handlers.o(i.__scatterload_zeroinit)
    i._printf_core                           0x080023c4   Section        0  printf8.o(i._printf_core)
    _printf_core                             0x080023c5   Thumb Code   988  printf8.o(i._printf_core)
    i._printf_post_padding                   0x080027cc   Section        0  printf8.o(i._printf_post_padding)
    _printf_post_padding                     0x080027cd   Thumb Code    38  printf8.o(i._printf_post_padding)
    i._printf_pre_padding                    0x080027f2   Section        0  printf8.o(i._printf_pre_padding)
    _printf_pre_padding                      0x080027f3   Thumb Code    48  printf8.o(i._printf_pre_padding)
    i.fputc                                  0x08002822   Section        0  retarget.o(i.fputc)
    i.main                                   0x08002828   Section        0  main.o(i.main)
    i.testUART                               0x0800289c   Section        0  tr.o(i.testUART)
    .constdata                               0x080028b8   Section       18  usb_desc.o(.constdata)
    .constdata                               0x080028ca   Section       41  usb_desc.o(.constdata)
    .constdata                               0x080028f3   Section      615  usb_desc.o(.constdata)
    .constdata                               0x08002b5a   Section        4  usb_desc.o(.constdata)
    .constdata                               0x08002b5e   Section       20  usb_desc.o(.constdata)
    .constdata                               0x08002b72   Section       18  usb_desc.o(.constdata)
    .data                                    0x20000000   Section       20  stm32f10x_rcc.o(.data)
    ADCPrescTable                            0x20000000   Data           4  stm32f10x_rcc.o(.data)
    APBAHBPrescTable                         0x20000004   Data          16  stm32f10x_rcc.o(.data)
    .data                                    0x20000014   Section        4  usb_core.o(.data)
    .data                                    0x20000018   Section        1  usb_init.o(.data)
    .data                                    0x2000001c   Section       12  usb_init.o(.data)
    .data                                    0x20000028   Section        2  usb_init.o(.data)
    .data                                    0x2000002a   Section        4  usb_int.o(.data)
    .data                                    0x2000002e   Section        3  uart.o(.data)
    .data                                    0x20000034   Section        4  retarget.o(.data)
    .data                                    0x20000038   Section       28  main.o(.data)
    .data                                    0x20000054   Section      160  tr.o(.data)
    .data                                    0x200000f4   Section        1  hw_config.o(.data)
    .data                                    0x200000f6   Section       26  i2c_slave.o(.data)
    .data                                    0x20000110   Section        4  usb_pwr.o(.data)
    .data                                    0x20000114   Section        1  usb_pwr.o(.data)
    .data                                    0x20000115   Section        2  usb_pwr.o(.data)
    .data                                    0x20000117   Section       26  usb_desc.o(.data)
    .data                                    0x20000132   Section        4  usb_istr.o(.data)
    .data                                    0x20000138   Section       28  usb_istr.o(.data)
    .data                                    0x20000154   Section       28  usb_istr.o(.data)
    .data                                    0x20000170   Section        2  usb_prop.o(.data)
    .data                                    0x20000174   Section      124  usb_prop.o(.data)
    .data                                    0x200001f0   Section       36  usb_prop.o(.data)
    .bss                                     0x20000214   Section       28  usb_init.o(.bss)
    .bss                                     0x20000230   Section       88  uart.o(.bss)
    .bss                                     0x20000288   Section     5094  tr.o(.bss)
    STACK                                    0x20001670   Section     1024  startup_stm32f10x_md.o(STACK)

    Global Symbols

    Symbol Name                              Value     Ov Type        Size  Object(Section)

    BuildAttributes$$THM_ISAv4$P$D$K$B$S$PE$A:L22UL41UL21$X:L11$S22US41US21$IEEE1$IW$USESV6$~STKCKD$USESV7$~SHL$OSPACE$ROPI$EBA8$MICROLIB$REQ8$PRES8$EABIv2 0x00000000   Number         0  anon$$obj.o ABSOLUTE
    __ARM_use_no_argv                        0x00000000   Number         0  main.o ABSOLUTE
    __use_no_errno                           0x00000000   Number         0  useno.o ABSOLUTE
    __use_no_exception_handling              0x00000000   Number         0  useno.o ABSOLUTE
    __use_no_fp                              0x00000000   Number         0  useno.o ABSOLUTE
    __use_no_heap                            0x00000000   Number         0  useno.o ABSOLUTE
    __use_no_heap_region                     0x00000000   Number         0  useno.o ABSOLUTE
    __use_no_semihosting                     0x00000000   Number         0  useno.o ABSOLUTE
    __use_no_semihosting_swi                 0x00000000   Number         0  useno.o ABSOLUTE
    __use_no_signal_handling                 0x00000000   Number         0  useno.o ABSOLUTE
    _printf_a                                0x00000000   Number         0  stubs.o ABSOLUTE
    _printf_c                                0x00000000   Number         0  stubs.o ABSOLUTE
    _printf_charcount                        0x00000000   Number         0  stubs.o ABSOLUTE
    _printf_d                                0x00000000   Number         0  stubs.o ABSOLUTE
    _printf_e                                0x00000000   Number         0  stubs.o ABSOLUTE
    _printf_f                                0x00000000   Number         0  stubs.o ABSOLUTE
    _printf_flags                            0x00000000   Number         0  stubs.o ABSOLUTE
    _printf_fp_dec                           0x00000000   Number         0  stubs.o ABSOLUTE
    _printf_fp_hex                           0x00000000   Number         0  stubs.o ABSOLUTE
    _printf_g                                0x00000000   Number         0  stubs.o ABSOLUTE
    _printf_i                                0x00000000   Number         0  stubs.o ABSOLUTE
    _printf_int_dec                          0x00000000   Number         0  stubs.o ABSOLUTE
    _printf_l                                0x00000000   Number         0  stubs.o ABSOLUTE
    _printf_lc                               0x00000000   Number         0  stubs.o ABSOLUTE
    _printf_ll                               0x00000000   Number         0  stubs.o ABSOLUTE
    _printf_lld                              0x00000000   Number         0  stubs.o ABSOLUTE
    _printf_lli                              0x00000000   Number         0  stubs.o ABSOLUTE
    _printf_llo                              0x00000000   Number         0  stubs.o ABSOLUTE
    _printf_llu                              0x00000000   Number         0  stubs.o ABSOLUTE
    _printf_llx                              0x00000000   Number         0  stubs.o ABSOLUTE
    _printf_longlong_dec                     0x00000000   Number         0  stubs.o ABSOLUTE
    _printf_longlong_hex                     0x00000000   Number         0  stubs.o ABSOLUTE
    _printf_longlong_oct                     0x00000000   Number         0  stubs.o ABSOLUTE
    _printf_ls                               0x00000000   Number         0  stubs.o ABSOLUTE
    _printf_mbtowc                           0x00000000   Number         0  stubs.o ABSOLUTE
    _printf_n                                0x00000000   Number         0  stubs.o ABSOLUTE
    _printf_o                                0x00000000   Number         0  stubs.o ABSOLUTE
    _printf_p                                0x00000000   Number         0  stubs.o ABSOLUTE
    _printf_percent                          0x00000000   Number         0  stubs.o ABSOLUTE
    _printf_pre_padding                      0x00000000   Number         0  stubs.o ABSOLUTE
    _printf_return_value                     0x00000000   Number         0  stubs.o ABSOLUTE
    _printf_s                                0x00000000   Number         0  stubs.o ABSOLUTE
    _printf_sizespec                         0x00000000   Number         0  stubs.o ABSOLUTE
    _printf_str                              0x00000000   Number         0  stubs.o ABSOLUTE
    _printf_truncate_signed                  0x00000000   Number         0  stubs.o ABSOLUTE
    _printf_truncate_unsigned                0x00000000   Number         0  stubs.o ABSOLUTE
    _printf_u                                0x00000000   Number         0  stubs.o ABSOLUTE
    _printf_wc                               0x00000000   Number         0  stubs.o ABSOLUTE
    _printf_wctomb                           0x00000000   Number         0  stubs.o ABSOLUTE
    _printf_widthprec                        0x00000000   Number         0  stubs.o ABSOLUTE
    _printf_x                                0x00000000   Number         0  stubs.o ABSOLUTE
    __cpp_initialize__aeabi_                  - Undefined Weak Reference
    __cxa_finalize                            - Undefined Weak Reference
    _clock_init                               - Undefined Weak Reference
    _microlib_exit                            - Undefined Weak Reference
    __Vectors_Size                           0x000000ec   Number         0  startup_stm32f10x_md.o ABSOLUTE
    __Vectors                                0x08000000   Data           4  startup_stm32f10x_md.o(RESET)
    __Vectors_End                            0x080000ec   Data           0  startup_stm32f10x_md.o(RESET)
    __main                                   0x080000ed   Thumb Code     0  entry.o(.ARM.Collect$$$$00000000)
    _main_stk                                0x080000ed   Thumb Code     0  entry2.o(.ARM.Collect$$$$00000001)
    _main_scatterload                        0x080000f1   Thumb Code     0  entry5.o(.ARM.Collect$$$$00000004)
    __main_after_scatterload                 0x080000f5   Thumb Code     0  entry5.o(.ARM.Collect$$$$00000004)
    _main_clock                              0x080000f5   Thumb Code     0  entry7b.o(.ARM.Collect$$$$00000008)
    _main_cpp_init                           0x080000f5   Thumb Code     0  entry8b.o(.ARM.Collect$$$$0000000A)
    _main_init                               0x080000f5   Thumb Code     0  entry9a.o(.ARM.Collect$$$$0000000B)
    __rt_final_cpp                           0x080000fd   Thumb Code     0  entry10a.o(.ARM.Collect$$$$0000000D)
    __rt_final_exit                          0x080000fd   Thumb Code     0  entry11a.o(.ARM.Collect$$$$0000000F)
    Reset_Handler                            0x08000101   Thumb Code     8  startup_stm32f10x_md.o(.text)
    ADC1_2_IRQHandler                        0x0800011b   Thumb Code     0  startup_stm32f10x_md.o(.text)
    CAN1_RX1_IRQHandler                      0x0800011b   Thumb Code     0  startup_stm32f10x_md.o(.text)
    CAN1_SCE_IRQHandler                      0x0800011b   Thumb Code     0  startup_stm32f10x_md.o(.text)
    DMA1_Channel1_IRQHandler                 0x0800011b   Thumb Code     0  startup_stm32f10x_md.o(.text)
    DMA1_Channel2_IRQHandler                 0x0800011b   Thumb Code     0  startup_stm32f10x_md.o(.text)
    DMA1_Channel3_IRQHandler                 0x0800011b   Thumb Code     0  startup_stm32f10x_md.o(.text)
    DMA1_Channel4_IRQHandler                 0x0800011b   Thumb Code     0  startup_stm32f10x_md.o(.text)
    DMA1_Channel5_IRQHandler                 0x0800011b   Thumb Code     0  startup_stm32f10x_md.o(.text)
    DMA1_Channel6_IRQHandler                 0x0800011b   Thumb Code     0  startup_stm32f10x_md.o(.text)
    DMA1_Channel7_IRQHandler                 0x0800011b   Thumb Code     0  startup_stm32f10x_md.o(.text)
    EXTI0_IRQHandler                         0x0800011b   Thumb Code     0  startup_stm32f10x_md.o(.text)
    EXTI15_10_IRQHandler                     0x0800011b   Thumb Code     0  startup_stm32f10x_md.o(.text)
    EXTI1_IRQHandler                         0x0800011b   Thumb Code     0  startup_stm32f10x_md.o(.text)
    EXTI2_IRQHandler                         0x0800011b   Thumb Code     0  startup_stm32f10x_md.o(.text)
    EXTI3_IRQHandler                         0x0800011b   Thumb Code     0  startup_stm32f10x_md.o(.text)
    EXTI4_IRQHandler                         0x0800011b   Thumb Code     0  startup_stm32f10x_md.o(.text)
    EXTI9_5_IRQHandler                       0x0800011b   Thumb Code     0  startup_stm32f10x_md.o(.text)
    FLASH_IRQHandler                         0x0800011b   Thumb Code     0  startup_stm32f10x_md.o(.text)
    I2C2_ER_IRQHandler                       0x0800011b   Thumb Code     0  startup_stm32f10x_md.o(.text)
    I2C2_EV_IRQHandler                       0x0800011b   Thumb Code     0  startup_stm32f10x_md.o(.text)
    PVD_IRQHandler                           0x0800011b   Thumb Code     0  startup_stm32f10x_md.o(.text)
    RCC_IRQHandler                           0x0800011b   Thumb Code     0  startup_stm32f10x_md.o(.text)
    RTCAlarm_IRQHandler                      0x0800011b   Thumb Code     0  startup_stm32f10x_md.o(.text)
    RTC_IRQHandler                           0x0800011b   Thumb Code     0  startup_stm32f10x_md.o(.text)
    SPI1_IRQHandler                          0x0800011b   Thumb Code     0  startup_stm32f10x_md.o(.text)
    SPI2_IRQHandler                          0x0800011b   Thumb Code     0  startup_stm32f10x_md.o(.text)
    TAMPER_IRQHandler                        0x0800011b   Thumb Code     0  startup_stm32f10x_md.o(.text)
    TIM1_BRK_IRQHandler                      0x0800011b   Thumb Code     0  startup_stm32f10x_md.o(.text)
    TIM1_CC_IRQHandler                       0x0800011b   Thumb Code     0  startup_stm32f10x_md.o(.text)
    TIM1_TRG_COM_IRQHandler                  0x0800011b   Thumb Code     0  startup_stm32f10x_md.o(.text)
    TIM1_UP_IRQHandler                       0x0800011b   Thumb Code     0  startup_stm32f10x_md.o(.text)
    TIM2_IRQHandler                          0x0800011b   Thumb Code     0  startup_stm32f10x_md.o(.text)
    TIM3_IRQHandler                          0x0800011b   Thumb Code     0  startup_stm32f10x_md.o(.text)
    TIM4_IRQHandler                          0x0800011b   Thumb Code     0  startup_stm32f10x_md.o(.text)
    USART3_IRQHandler                        0x0800011b   Thumb Code     0  startup_stm32f10x_md.o(.text)
    USBWakeUp_IRQHandler                     0x0800011b   Thumb Code     0  startup_stm32f10x_md.o(.text)
    USB_HP_CAN1_TX_IRQHandler                0x0800011b   Thumb Code     0  startup_stm32f10x_md.o(.text)
    WWDG_IRQHandler                          0x0800011b   Thumb Code     0  startup_stm32f10x_md.o(.text)
    __aeabi_uldivmod                         0x08000125   Thumb Code    98  uldiv.o(.text)
    __aeabi_llsl                             0x08000187   Thumb Code    30  llshl.o(.text)
    _ll_shift_l                              0x08000187   Thumb Code     0  llshl.o(.text)
    __scatterload                            0x080001a5   Thumb Code    28  init.o(.text)
    __scatterload_rt2                        0x080001a5   Thumb Code     0  init.o(.text)
    __aeabi_llsr                             0x080001c9   Thumb Code    32  llushr.o(.text)
    _ll_ushift_r                             0x080001c9   Thumb Code     0  llushr.o(.text)
    __decompress                             0x080001e9   Thumb Code     0  __dczerorl2.o(.text)
    __decompress1                            0x080001e9   Thumb Code    92  __dczerorl2.o(.text)
    BusFault_Handler                         0x08000245   Thumb Code     2  stm32f10x_it.o(i.BusFault_Handler)
    ByteSwap                                 0x08000247   Thumb Code    10  usb_regs.o(i.ByteSwap)
    COM_Full_Init                            0x08000251   Thumb Code    22  uart.o(i.COM_Full_Init)
    CTR_LP                                   0x08000269   Thumb Code   394  usb_int.o(i.CTR_LP)
    ClearDTOG_RX                             0x0800040d   Thumb Code    32  usb_regs.o(i.ClearDTOG_RX)
    ClearDTOG_TX                             0x08000431   Thumb Code    32  usb_regs.o(i.ClearDTOG_TX)
    Clear_Status_Out                         0x08000455   Thumb Code    24  usb_regs.o(i.Clear_Status_Out)
    CustomHID_Data_Setup                     0x08000471   Thumb Code   116  usb_prop.o(i.CustomHID_Data_Setup)
    CustomHID_GetConfigDescriptor            0x080004fd   Thumb Code     6  usb_prop.o(i.CustomHID_GetConfigDescriptor)
    CustomHID_GetDeviceDescriptor            0x08000509   Thumb Code     6  usb_prop.o(i.CustomHID_GetDeviceDescriptor)
    CustomHID_GetHIDDescriptor               0x08000515   Thumb Code     6  usb_prop.o(i.CustomHID_GetHIDDescriptor)
    CustomHID_GetProtocolValue               0x08000521   Thumb Code    20  usb_prop.o(i.CustomHID_GetProtocolValue)
    CustomHID_GetReportDescriptor            0x0800053d   Thumb Code     6  usb_prop.o(i.CustomHID_GetReportDescriptor)
    CustomHID_GetReport_Feature              0x08000549   Thumb Code    28  usb_prop.o(i.CustomHID_GetReport_Feature)
    CustomHID_GetStringDescriptor            0x0800056d   Thumb Code    24  usb_prop.o(i.CustomHID_GetStringDescriptor)
    CustomHID_Get_Interface_Setting          0x0800058d   Thumb Code    18  usb_prop.o(i.CustomHID_Get_Interface_Setting)
    CustomHID_NoData_Setup                   0x080005a1   Thumb Code    26  usb_prop.o(i.CustomHID_NoData_Setup)
    CustomHID_Reset                          0x080005c1   Thumb Code   162  usb_prop.o(i.CustomHID_Reset)
    CustomHID_SetConfiguration               0x08000675   Thumb Code    18  usb_prop.o(i.CustomHID_SetConfiguration)
    CustomHID_SetDeviceAddress               0x08000691   Thumb Code     8  usb_prop.o(i.CustomHID_SetDeviceAddress)
    CustomHID_SetProtocol                    0x0800069d   Thumb Code    14  usb_prop.o(i.CustomHID_SetProtocol)
    CustomHID_SetReport_Feature              0x080006b5   Thumb Code    26  usb_prop.o(i.CustomHID_SetReport_Feature)
    CustomHID_Status_In                      0x080006dd   Thumb Code    34  usb_prop.o(i.CustomHID_Status_In)
    CustomHID_Status_Out                     0x08000709   Thumb Code    34  usb_prop.o(i.CustomHID_Status_Out)
    CustomHID_init                           0x08000735   Thumb Code    34  usb_prop.o(i.CustomHID_init)
    DebugMon_Handler                         0x08000a6d   Thumb Code     2  stm32f10x_it.o(i.DebugMon_Handler)
    Discern_Usb                              0x08000a71   Thumb Code    48  hw_config.o(i.Discern_Usb)
    EP1_IN_Callback                          0x08000aa5   Thumb Code     2  usb_endp.o(i.EP1_IN_Callback)
    EP1_OUT_Callback                         0x08000aa7   Thumb Code     2  usb_endp.o(i.EP1_OUT_Callback)
    Enter_LowPowerMode                       0x08000aa9   Thumb Code     8  hw_config.o(i.Enter_LowPowerMode)
    FLASH_PrefetchBufferCmd                  0x08000ab5   Thumb Code    18  stm32f10x_flash.o(i.FLASH_PrefetchBufferCmd)
    FLASH_SetLatency                         0x08000acd   Thumb Code    14  stm32f10x_flash.o(i.FLASH_SetLatency)
    GPIO_Init                                0x08000ae1   Thumb Code   162  stm32f10x_gpio.o(i.GPIO_Init)
    GPIO_PinRemapConfig                      0x08000b85   Thumb Code    86  stm32f10x_gpio.o(i.GPIO_PinRemapConfig)
    GPIO_ResetBits                           0x08000be1   Thumb Code     4  stm32f10x_gpio.o(i.GPIO_ResetBits)
    GPIO_SetBits                             0x08000be5   Thumb Code     4  stm32f10x_gpio.o(i.GPIO_SetBits)
    GetEPRxAddr                              0x08000be9   Thumb Code    22  usb_regs.o(i.GetEPRxAddr)
    GetEPTxAddr                              0x08000c09   Thumb Code    20  usb_regs.o(i.GetEPTxAddr)
    Get_SerialNum                            0x08000c25   Thumb Code    46  hw_config.o(i.Get_SerialNum)
    HardFault_Handler                        0x08000c5d   Thumb Code     2  stm32f10x_it.o(i.HardFault_Handler)
    I2C1_ER_IRQHandler                       0x08000c61   Thumb Code    78  i2c_slave.o(i.I2C1_ER_IRQHandler)
    I2C1_EV_IRQHandler                       0x08000cb5   Thumb Code   292  i2c_slave.o(i.I2C1_EV_IRQHandler)
    I2C1_Init                                0x08000ded   Thumb Code    52  main.o(i.I2C1_Init)
    I2C_ClearFlag                            0x08000e25   Thumb Code     6  stm32f10x_i2c.o(i.I2C_ClearFlag)
    I2C_Cmd                                  0x08000e2b   Thumb Code    24  stm32f10x_i2c.o(i.I2C_Cmd)
    I2C_GenerateSTOP                         0x08000e43   Thumb Code    24  stm32f10x_i2c.o(i.I2C_GenerateSTOP)
    I2C_GetFlagStatus                        0x08000e5b   Thumb Code    50  stm32f10x_i2c.o(i.I2C_GetFlagStatus)
    I2C_GetLastEvent                         0x08000e8d   Thumb Code    14  stm32f10x_i2c.o(i.I2C_GetLastEvent)
    I2C_ITConfig                             0x08000e9b   Thumb Code    20  stm32f10x_i2c.o(i.I2C_ITConfig)
    I2C_Init                                 0x08000eb1   Thumb Code   180  stm32f10x_i2c.o(i.I2C_Init)
    I2C_Parse_Recdata                        0x08000f6d   Thumb Code    82  main.o(i.I2C_Parse_Recdata)
    I2C_ReceiveData                          0x08000fcd   Thumb Code     6  stm32f10x_i2c.o(i.I2C_ReceiveData)
    I2C_SendData                             0x08000fd3   Thumb Code     4  stm32f10x_i2c.o(i.I2C_SendData)
    I2C_StructInit                           0x08000fd9   Thumb Code    30  stm32f10x_i2c.o(i.I2C_StructInit)
    In0_Process                              0x08000ffd   Thumb Code    82  usb_core.o(i.In0_Process)
    Init_AVCheck_GPIO                        0x0800105d   Thumb Code    64  gpio.o(i.Init_AVCheck_GPIO)
    Init_I2c_Gpio                            0x080010a9   Thumb Code    38  gpio.o(i.Init_I2c_Gpio)
    Leave_LowPowerMode                       0x08001111   Thumb Code    22  hw_config.o(i.Leave_LowPowerMode)
    MemManage_Handler                        0x08001131   Thumb Code     2  stm32f10x_it.o(i.MemManage_Handler)
    NMI_Handler                              0x08001133   Thumb Code     2  stm32f10x_it.o(i.NMI_Handler)
    NOP_Process                              0x08001135   Thumb Code     2  usb_core.o(i.NOP_Process)
    NVIC_I2c_Int_Configuration               0x08001139   Thumb Code    78  main.o(i.NVIC_I2c_Int_Configuration)
    NVIC_Init                                0x0800118d   Thumb Code    92  misc.o(i.NVIC_Init)
    NVIC_PriorityGroupConfig                 0x080011f1   Thumb Code    10  misc.o(i.NVIC_PriorityGroupConfig)
    Out0_Process                             0x080012e5   Thumb Code    68  usb_core.o(i.Out0_Process)
    PMAToUserBufferCopy                      0x08001331   Thumb Code    30  usb_mem.o(i.PMAToUserBufferCopy)
    PendSV_Handler                           0x08001355   Thumb Code     2  stm32f10x_it.o(i.PendSV_Handler)
    Post0_Process                            0x08001359   Thumb Code    48  usb_core.o(i.Post0_Process)
    PowerOn                                  0x08001399   Thumb Code    36  usb_pwr.o(i.PowerOn)
    RCC_APB1PeriphClockCmd                   0x080013c5   Thumb Code    22  stm32f10x_rcc.o(i.RCC_APB1PeriphClockCmd)
    RCC_APB2PeriphClockCmd                   0x080013e1   Thumb Code    22  stm32f10x_rcc.o(i.RCC_APB2PeriphClockCmd)
    RCC_DeInit                               0x080013fd   Thumb Code    50  stm32f10x_rcc.o(i.RCC_DeInit)
    RCC_GetClocksFreq                        0x0800143d   Thumb Code   154  stm32f10x_rcc.o(i.RCC_GetClocksFreq)
    RCC_GetFlagStatus                        0x080014e9   Thumb Code    42  stm32f10x_rcc.o(i.RCC_GetFlagStatus)
    RCC_GetSYSCLKSource                      0x08001519   Thumb Code    10  stm32f10x_rcc.o(i.RCC_GetSYSCLKSource)
    RCC_HCLKConfig                           0x08001529   Thumb Code    14  stm32f10x_rcc.o(i.RCC_HCLKConfig)
    RCC_HSEConfig                            0x0800153d   Thumb Code    50  stm32f10x_rcc.o(i.RCC_HSEConfig)
    RCC_PCLK1Config                          0x08001575   Thumb Code    14  stm32f10x_rcc.o(i.RCC_PCLK1Config)
    RCC_PCLK2Config                          0x08001589   Thumb Code    16  stm32f10x_rcc.o(i.RCC_PCLK2Config)
    RCC_PLLCmd                               0x0800159d   Thumb Code     6  stm32f10x_rcc.o(i.RCC_PLLCmd)
    RCC_PLLConfig                            0x080015a9   Thumb Code    16  stm32f10x_rcc.o(i.RCC_PLLConfig)
    RCC_SYSCLKConfig                         0x080015bd   Thumb Code    14  stm32f10x_rcc.o(i.RCC_SYSCLKConfig)
    RCC_USBCLKConfig                         0x080015d1   Thumb Code     6  stm32f10x_rcc.o(i.RCC_USBCLKConfig)
    RCC_WaitForHSEStartUp                    0x080015dd   Thumb Code    48  stm32f10x_rcc.o(i.RCC_WaitForHSEStartUp)
    Resume                                   0x0800160d   Thumb Code   124  usb_pwr.o(i.Resume)
    Resume_Init                              0x08001691   Thumb Code    26  usb_pwr.o(i.Resume_Init)
    SVC_Handler                              0x080016b1   Thumb Code     2  stm32f10x_it.o(i.SVC_Handler)
    SendChar                                 0x080016b5   Thumb Code    20  uart.o(i.SendChar)
    SetBTABLE                                0x080016cd   Thumb Code    10  usb_regs.o(i.SetBTABLE)
    SetDeviceAddress                         0x080016dd   Thumb Code    56  usb_core.o(i.SetDeviceAddress)
    SetEPRxAddr                              0x0800171d   Thumb Code    24  usb_regs.o(i.SetEPRxAddr)
    SetEPRxCount                             0x0800173d   Thumb Code    58  usb_regs.o(i.SetEPRxCount)
    SetEPRxStatus                            0x08001781   Thumb Code    42  usb_regs.o(i.SetEPRxStatus)
    SetEPRxValid                             0x080017b1   Thumb Code    32  usb_regs.o(i.SetEPRxValid)
    SetEPTxAddr                              0x080017d5   Thumb Code    22  usb_regs.o(i.SetEPTxAddr)
    SetEPTxCount                             0x080017f5   Thumb Code    20  usb_regs.o(i.SetEPTxCount)
    SetEPTxStatus                            0x08001811   Thumb Code    42  usb_regs.o(i.SetEPTxStatus)
    SetEPTxValid                             0x08001841   Thumb Code    32  usb_regs.o(i.SetEPTxValid)
    SetEPType                                0x08001865   Thumb Code    20  usb_regs.o(i.SetEPType)
    Set_System                               0x08001931   Thumb Code   134  hw_config.o(i.Set_System)
    Set_USBClock                             0x080019bd   Thumb Code    20  hw_config.o(i.Set_USBClock)
    Setup0_Process                           0x080019d1   Thumb Code   102  usb_core.o(i.Setup0_Process)
    Standard_ClearFeature                    0x08001a45   Thumb Code   230  usb_core.o(i.Standard_ClearFeature)
    Standard_GetConfiguration                0x08001b41   Thumb Code    32  usb_core.o(i.Standard_GetConfiguration)
    Standard_GetDescriptorData               0x08001b69   Thumb Code    26  usb_core.o(i.Standard_GetDescriptorData)
    Standard_GetInterface                    0x08001b89   Thumb Code    32  usb_core.o(i.Standard_GetInterface)
    Standard_GetStatus                       0x08001bb1   Thumb Code   164  usb_core.o(i.Standard_GetStatus)
    Standard_SetConfiguration                0x08001c65   Thumb Code    42  usb_core.o(i.Standard_SetConfiguration)
    Standard_SetDeviceFeature                0x08001c9d   Thumb Code    26  usb_core.o(i.Standard_SetDeviceFeature)
    Standard_SetEndPointFeature              0x08001cc1   Thumb Code   122  usb_core.o(i.Standard_SetEndPointFeature)
    Standard_SetInterface                    0x08001d4d   Thumb Code    64  usb_core.o(i.Standard_SetInterface)
    Suspend                                  0x08001d99   Thumb Code    26  usb_pwr.o(i.Suspend)
    SysTick_Handler                          0x08001db9   Thumb Code     2  stm32f10x_it.o(i.SysTick_Handler)
    SystemInit                               0x08001dbd   Thumb Code    64  system_stm32f10x.o(i.SystemInit)
    UART_NVIC_Configuration                  0x08001e0d   Thumb Code    88  uart.o(i.UART_NVIC_Configuration)
    UART_SendChar                            0x08001e6d   Thumb Code    26  tr.o(i.UART_SendChar)
    USART1_IRQHandler                        0x08001e89   Thumb Code   126  uart.o(i.USART1_IRQHandler)
    USART2_IRQHandler                        0x08001f19   Thumb Code   222  uart.o(i.USART2_IRQHandler)
    USART_Cmd                                0x08002009   Thumb Code    24  stm32f10x_usart.o(i.USART_Cmd)
    USART_Configuration                      0x08002021   Thumb Code    70  uart.o(i.USART_Configuration)
    USART_GPIO_Configuration                 0x08002071   Thumb Code    90  uart.o(i.USART_GPIO_Configuration)
    USART_ITConfig                           0x080020d1   Thumb Code    54  stm32f10x_usart.o(i.USART_ITConfig)
    USART_Init                               0x08002109   Thumb Code   182  stm32f10x_usart.o(i.USART_Init)
    USART_RCC_Configuration                  0x080021c5   Thumb Code    30  uart.o(i.USART_RCC_Configuration)
    USB_Cable_Config                         0x080021e5   Thumb Code    22  hw_config.o(i.USB_Cable_Config)
    USB_Init                                 0x08002201   Thumb Code    22  usb_init.o(i.USB_Init)
    USB_Interrupts_Config                    0x08002229   Thumb Code    40  hw_config.o(i.USB_Interrupts_Config)
    USB_Istr                                 0x08002251   Thumb Code   168  usb_istr.o(i.USB_Istr)
    USB_LP_CAN1_RX0_IRQHandler               0x0800230d   Thumb Code     4  stm32f10x_it.o(i.USB_LP_CAN1_RX0_IRQHandler)
    USB_SIL_Init                             0x08002311   Thumb Code    24  usb_sil.o(i.USB_SIL_Init)
    USB_SIL_Write                            0x08002331   Thumb Code    38  usb_sil.o(i.USB_SIL_Write)
    UsageFault_Handler                       0x08002357   Thumb Code     2  stm32f10x_it.o(i.UsageFault_Handler)
    UserToPMABufferCopy                      0x08002359   Thumb Code    38  usb_mem.o(i.UserToPMABufferCopy)
    __0printf$8                              0x08002385   Thumb Code    22  printf8.o(i.__0printf$8)
    __1printf$8                              0x08002385   Thumb Code     0  printf8.o(i.__0printf$8)
    __2printf                                0x08002385   Thumb Code     0  printf8.o(i.__0printf$8)
    __scatterload_copy                       0x080023a5   Thumb Code    14  handlers.o(i.__scatterload_copy)
    __scatterload_null                       0x080023b3   Thumb Code     2  handlers.o(i.__scatterload_null)
    __scatterload_zeroinit                   0x080023b5   Thumb Code    14  handlers.o(i.__scatterload_zeroinit)
    fputc                                    0x08002823   Thumb Code     4  retarget.o(i.fputc)
    main                                     0x08002829   Thumb Code    84  main.o(i.main)
    testUART                                 0x0800289d   Thumb Code    22  tr.o(i.testUART)
    CustomHID_DeviceDescriptor               0x080028b8   Data          18  usb_desc.o(.constdata)
    CustomHID_ConfigDescriptor               0x080028ca   Data          41  usb_desc.o(.constdata)
    CustomHID_ReportDescriptor               0x080028f3   Data         615  usb_desc.o(.constdata)
    CustomHID_StringLangID                   0x08002b5a   Data           4  usb_desc.o(.constdata)
    CustomHID_StringVendor                   0x08002b5e   Data          20  usb_desc.o(.constdata)
    CustomHID_StringProduct                  0x08002b72   Data          18  usb_desc.o(.constdata)
    Region$$Table$$Base                      0x08002b84   Number         0  anon$$obj.o(Region$$Table)
    Region$$Table$$Limit                     0x08002ba4   Number         0  anon$$obj.o(Region$$Table)
    Data_Mul_MaxPacketSize                   0x20000014   Data           1  usb_core.o(.data)
    StatusInfo                               0x20000016   Data           2  usb_core.o(.data)
    EPindex                                  0x20000018   Data           1  usb_init.o(.data)
    pInformation                             0x2000001c   Data           4  usb_init.o(.data)
    pProperty                                0x20000020   Data           4  usb_init.o(.data)
    pUser_Standard_Requests                  0x20000024   Data           4  usb_init.o(.data)
    wInterrupt_Mask                          0x20000028   Data           2  usb_init.o(.data)
    SaveRState                               0x2000002a   Data           2  usb_int.o(.data)
    SaveTState                               0x2000002c   Data           2  usb_int.o(.data)
    g_bUartCmdDetect                         0x2000002e   Data           1  uart.o(.data)
    u8TempCurrentPoint                       0x2000002f   Data           1  uart.o(.data)
    isUartRecving                            0x20000030   Data           1  uart.o(.data)
    __stdout                                 0x20000034   Data           4  retarget.o(.data)
    SEND_CTRLTOUCHArray                      0x20000038   Data          18  main.o(.data)
    SEND_SHORTCUTArray                       0x2000004a   Data          10  main.o(.data)
    g_bInitCheck                             0x20000054   Data           1  tr.o(.data)
    g_bXGetBadPoint                          0x20000055   Data           1  tr.o(.data)
    g_bYGetBadPoint                          0x20000056   Data           1  tr.o(.data)
    g_u8LastDirec                            0x20000057   Data           1  tr.o(.data)
    g_u8AdjustScreen                         0x20000058   Data           1  tr.o(.data)
    g_u8ScreenAreaNmb                        0x20000059   Data           1  tr.o(.data)
    g_u8CurArea                              0x2000005a   Data           1  tr.o(.data)
    g_u8XTotalAreaCnt                        0x2000005b   Data           1  tr.o(.data)
    g_u8YTotalAreaCnt                        0x2000005c   Data           1  tr.o(.data)
    g_u8XTotalFakePointCnt                   0x2000005d   Data           1  tr.o(.data)
    g_u8YTotalFakePointCnt                   0x2000005e   Data           1  tr.o(.data)
    g_u8XFakePointCnt                        0x2000005f   Data           1  tr.o(.data)
    g_u8YFakePointCnt                        0x20000060   Data           1  tr.o(.data)
    g_u8AllFakePointCnt                      0x20000061   Data           1  tr.o(.data)
    g_u8FakePointCnt                         0x20000062   Data           1  tr.o(.data)
    g_u8TruePointCnt                         0x20000063   Data           1  tr.o(.data)
    g_u8XR_shiftCnt0                         0x20000064   Data           1  tr.o(.data)
    g_u8XR_shiftCnt1                         0x20000065   Data           1  tr.o(.data)
    g_u8XL_shiftCnt0                         0x20000066   Data           1  tr.o(.data)
    g_u8XL_shiftCnt1                         0x20000067   Data           1  tr.o(.data)
    g_u8YR_shiftCnt0                         0x20000068   Data           1  tr.o(.data)
    g_u8YR_shiftCnt1                         0x20000069   Data           1  tr.o(.data)
    g_u8YL_shiftCnt0                         0x2000006a   Data           1  tr.o(.data)
    g_u8YL_shiftCnt1                         0x2000006b   Data           1  tr.o(.data)
    g_bReSearch                              0x2000006c   Data           1  tr.o(.data)
    g_bFakeCheckOk                           0x2000006d   Data           1  tr.o(.data)
    g_bQuickFakeCheck                        0x2000006e   Data           1  tr.o(.data)
    g_bOneFakeArea                           0x2000006f   Data           1  tr.o(.data)
    g_bOneLineFake                           0x20000070   Data           1  tr.o(.data)
    g_u8TrueArea                             0x20000071   Data           1  tr.o(.data)
    g_u8MaxFake                              0x20000072   Data           1  tr.o(.data)
    g_u8MaxTrue                              0x20000073   Data           1  tr.o(.data)
    g_u8MarixSize                            0x20000074   Data           1  tr.o(.data)
    g_u8ValidPointCnt                        0x20000075   Data           1  tr.o(.data)
    g_u8TrueCntScore                         0x20000076   Data           1  tr.o(.data)
    g_u8XR_CrossCnt                          0x20000077   Data           1  tr.o(.data)
    g_u8XL_CrossCnt                          0x20000078   Data           1  tr.o(.data)
    g_u8YR_CrossCnt                          0x20000079   Data           1  tr.o(.data)
    g_u8YL_CrossCnt                          0x2000007a   Data           1  tr.o(.data)
    g_u8XCrossCnt                            0x2000007b   Data           1  tr.o(.data)
    g_u8YCrossCnt                            0x2000007c   Data           1  tr.o(.data)
    g_u8QuickSampleFlag                      0x2000007d   Data           1  tr.o(.data)
    g_u8CurTouchPointCnt                     0x2000007e   Data           1  tr.o(.data)
    g_u8LastTouchPointCnt                    0x2000007f   Data           1  tr.o(.data)
    g_u8CurTracePointCnt                     0x20000080   Data           1  tr.o(.data)
    g_u8LastTracePointCnt                    0x20000081   Data           1  tr.o(.data)
    g_bLinkUp                                0x20000082   Data           1  tr.o(.data)
    g_u8PreUnLinkDs                          0x20000083   Data           1  tr.o(.data)
    g_u8TraceDire                            0x20000084   Data           1  tr.o(.data)
    g_u8TraceCnt                             0x20000085   Data           1  tr.o(.data)
    g_u8SonPoint                             0x20000086   Data           1  tr.o(.data)
    g_u8PreLinkCnt                           0x20000087   Data           1  tr.o(.data)
    g_u8PreUnlinkCnt                         0x20000088   Data           1  tr.o(.data)
    g_s8ReChkPreLinkCnt                      0x20000089   Data           1  tr.o(.data)
    g_s8ReChkPreUnlinkCnt                    0x2000008a   Data           1  tr.o(.data)
    g_bTouchBufferRDPtr                      0x2000008b   Data           1  tr.o(.data)
    g_bTouchBufferWRPtr                      0x2000008c   Data           1  tr.o(.data)
    g_bTouchBufferCurPtr                     0x2000008d   Data           1  tr.o(.data)
    g_bUsbSendOpen                           0x2000008e   Data           1  tr.o(.data)
    g_bUartSendOpen                          0x2000008f   Data           1  tr.o(.data)
    g_u8UartCmdErrCode                       0x20000090   Data           1  tr.o(.data)
    g_u8UartSendCnt                          0x20000091   Data           1  tr.o(.data)
    g_u8MaskFlag                             0x20000092   Data           1  tr.o(.data)
    g_u8TouchMode                            0x20000093   Data           1  tr.o(.data)
    g_u8SingleModeStatus                     0x20000094   Data           1  tr.o(.data)
    g_u8AdjustStatus                         0x20000095   Data           1  tr.o(.data)
    g_u8AdjustErrorCode                      0x20000096   Data           1  tr.o(.data)
    g_u8AdjustIdCnt                          0x20000097   Data           1  tr.o(.data)
    g_u16LinkmaxGroup                        0x20000098   Data           2  tr.o(.data)
    g_u16XBadPointCnt                        0x2000009a   Data           2  tr.o(.data)
    g_u16YBadPointCnt                        0x2000009c   Data           2  tr.o(.data)
    g_u16LastRevPoint                        0x2000009e   Data           2  tr.o(.data)
    g_u16LastSendPoint                       0x200000a0   Data           2  tr.o(.data)
    g_u16FakePatternCnt                      0x200000a2   Data           2  tr.o(.data)
    g_u16AllFakeDotCnt                       0x200000a4   Data           2  tr.o(.data)
    g_stDiverScanPara                        0x200000a6   Data           2  tr.o(.data)
    g_u16AdScore                             0x200000a8   Data           2  tr.o(.data)
    g_u16TraceGroupNmb                       0x200000aa   Data           2  tr.o(.data)
    g_s16AdjustOffsetX                       0x200000ac   Data           2  tr.o(.data)
    g_s16AdjustOffsetY                       0x200000ae   Data           2  tr.o(.data)
    X_TotalArea                              0x200000b0   Data           3  tr.o(.data)
    Y_TotalArea                              0x200000b3   Data           3  tr.o(.data)
    g_pLinkArrayPtr                          0x200000b8   Data           4  tr.o(.data)
    X_TotalFakePosition                      0x200000bc   Data           4  tr.o(.data)
    Y_TotalFakePosition                      0x200000c0   Data           4  tr.o(.data)
    X_FakePosition                           0x200000c4   Data           4  tr.o(.data)
    Y_FakePosition                           0x200000c8   Data           4  tr.o(.data)
    g_stAdjustCalFlag                        0x200000cc   Data           5  tr.o(.data)
    g_stDotMark                              0x200000d1   Data           8  tr.o(.data)
    g_u8FakePattern                          0x200000d9   Data           8  tr.o(.data)
    g_stPreLink                              0x200000e4   Data           8  tr.o(.data)
    g_stPreUnlink                            0x200000ec   Data           8  tr.o(.data)
    HSEStartUpStatus                         0x200000f4   Data           1  hw_config.o(.data)
    i2c_regaddr                              0x200000f6   Data           1  i2c_slave.o(.data)
    i2c_index                                0x200000f7   Data           1  i2c_slave.o(.data)
    g_u8for818send_data                      0x200000f8   Data           1  i2c_slave.o(.data)
    isPoweroff                               0x200000f9   Data           1  i2c_slave.o(.data)
    tagI2C                                   0x200000fa   Data           1  i2c_slave.o(.data)
    recv_datArray                            0x200000fb   Data           3  i2c_slave.o(.data)
    i2c_data                                 0x200000fe   Data           8  i2c_slave.o(.data)
    u16RetArray                              0x20000106   Data          10  i2c_slave.o(.data)
    bDeviceState                             0x20000110   Data           4  usb_pwr.o(.data)
    fSuspendEnabled                          0x20000114   Data           1  usb_pwr.o(.data)
    ResumeS                                  0x20000115   Data           2  usb_pwr.o(.data)
    CustomHID_StringSerial                   0x20000117   Data          26  usb_desc.o(.data)
    bIntPackSOF                              0x20000132   Data           1  usb_istr.o(.data)
    wIstr                                    0x20000134   Data           2  usb_istr.o(.data)
    pEpInt_IN                                0x20000138   Data          28  usb_istr.o(.data)
    pEpInt_OUT                               0x20000154   Data          28  usb_istr.o(.data)
    Device_Table                             0x20000170   Data           2  usb_prop.o(.data)
    Receive_finish                           0x20000174   Data           1  usb_prop.o(.data)
    Transceive_finish                        0x20000175   Data           1  usb_prop.o(.data)
    HID_GetReport_Value                      0x20000176   Data           2  usb_prop.o(.data)
    HID_SetReport_Value                      0x20000178   Data           3  usb_prop.o(.data)
    ProtocolValue                            0x2000017c   Data           4  usb_prop.o(.data)
    Device_Descriptor                        0x20000180   Data           8  usb_prop.o(.data)
    Config_Descriptor                        0x20000188   Data           8  usb_prop.o(.data)
    CustomHID_Report_Descriptor              0x20000190   Data           8  usb_prop.o(.data)
    CustomHID_Hid_Descriptor                 0x20000198   Data           8  usb_prop.o(.data)
    Device_Property                          0x200001a0   Data          48  usb_prop.o(.data)
    String_Descriptor                        0x200001d0   Data          32  usb_prop.o(.data)
    User_Standard_Requests                   0x200001f0   Data          36  usb_prop.o(.data)
    Device_Info                              0x20000214   Data          28  usb_init.o(.bss)
    g_UartCommand                            0x20000230   Data          44  uart.o(.bss)
    g_UartCommand1                           0x2000025c   Data          44  uart.o(.bss)
    g_u16XV_EcurBuff                         0x20000288   Data          40  tr.o(.bss)
    g_u16XR_Offset_EcurBuff                  0x200002b0   Data          40  tr.o(.bss)
    g_u16XL_Offset_EcurBuff                  0x200002d8   Data          40  tr.o(.bss)
    g_u16YV_EcurBuff                         0x20000300   Data          40  tr.o(.bss)
    g_u16YR_Offset_EcurBuff                  0x20000328   Data          40  tr.o(.bss)
    g_u16YL_Offset_EcurBuff                  0x20000350   Data          40  tr.o(.bss)
    g_u16XV_ResBuff                          0x20000378   Data          40  tr.o(.bss)
    g_u16YV_ResBuff                          0x200003a0   Data          40  tr.o(.bss)
    g_stAllFakePoint                         0x200003c8   Data          16  tr.o(.bss)
    g_stPatternPreFakeCnt                    0x200003d8   Data          64  tr.o(.bss)
    g_stPatternFakeScore                     0x20000418   Data         128  tr.o(.bss)
    g_stShiftLineCache                       0x20000498   Data          14  tr.o(.bss)
    g_stCurTouchPoint                        0x200004a6   Data          96  tr.o(.bss)
    g_stLastTouchPoint                       0x20000506   Data          72  tr.o(.bss)
    g_stTraceNode                            0x20000550   Data        1776  tr.o(.bss)
    g_stTraceDS                              0x20000c40   Data        1776  tr.o(.bss)
    g_stReChkPreLink                         0x20001330   Data          96  tr.o(.bss)
    g_stReChkPreUnlink                       0x20001390   Data          96  tr.o(.bss)
    g_stLinkDdisSortGroup                    0x200013f0   Data          48  tr.o(.bss)
    g_stLinkDsumSortGroup                    0x20001420   Data          48  tr.o(.bss)
    g_bTouchMode                             0x20001450   Data          12  tr.o(.bss)
    g_bTouchBufferDsSum                      0x2000145c   Data          12  tr.o(.bss)
    g_bTouchBufferPtrCnt                     0x20001468   Data          12  tr.o(.bss)
    g_u8TouchCachePointStatus                0x20001474   Data          12  tr.o(.bss)
    g_stTouchDataBuffer                      0x20001480   Data         360  tr.o(.bss)
    g_u8UsbSendBuffer                        0x200015e8   Data          38  tr.o(.bss)
    g_u8UartSendBuffer                       0x2000160e   Data          20  tr.o(.bss)
    g_u8HaltStatusCnt                        0x20001622   Data          12  tr.o(.bss)
    g_u8AdjustBuffer                         0x2000162e   Data          64  tr.o(.bss)
    __initial_sp                             0x20001a70   Data           0  startup_stm32f10x_md.o(STACK)



==============================================================================

Memory Map of the image

  Image Entry point : 0x080000ed

  Load Region LR_IROM1 (Base: 0x08000000, Size: 0x00002db8, Max: 0x00010000, ABSOLUTE, COMPRESSED[0x00002c50])

    Execution Region ER_IROM1 (Base: 0x08000000, Size: 0x00002ba4, Max: 0x00010000, ABSOLUTE)

    Base Addr    Size         Type   Attr      Idx    E Section Name        Object

    0x08000000   0x000000ec   Data   RO            3    RESET               startup_stm32f10x_md.o
    0x080000ec   0x00000000   Code   RO         3985  * .ARM.Collect$$$$00000000  mc_w.l(entry.o)
    0x080000ec   0x00000004   Code   RO         4263    .ARM.Collect$$$$00000001  mc_w.l(entry2.o)
    0x080000f0   0x00000004   Code   RO         4266    .ARM.Collect$$$$00000004  mc_w.l(entry5.o)
    0x080000f4   0x00000000   Code   RO         4268    .ARM.Collect$$$$00000008  mc_w.l(entry7b.o)
    0x080000f4   0x00000000   Code   RO         4270    .ARM.Collect$$$$0000000A  mc_w.l(entry8b.o)
    0x080000f4   0x00000008   Code   RO         4271    .ARM.Collect$$$$0000000B  mc_w.l(entry9a.o)
    0x080000fc   0x00000000   Code   RO         4273    .ARM.Collect$$$$0000000D  mc_w.l(entry10a.o)
    0x080000fc   0x00000000   Code   RO         4275    .ARM.Collect$$$$0000000F  mc_w.l(entry11a.o)
    0x080000fc   0x00000004   Code   RO         4264    .ARM.Collect$$$$00002712  mc_w.l(entry2.o)
    0x08000100   0x00000024   Code   RO            4    .text               startup_stm32f10x_md.o
    0x08000124   0x00000062   Code   RO         4279    .text               mc_w.l(uldiv.o)
    0x08000186   0x0000001e   Code   RO         4281    .text               mc_w.l(llshl.o)
    0x080001a4   0x00000024   Code   RO         4294    .text               mc_w.l(init.o)
    0x080001c8   0x00000020   Code   RO         4296    .text               mc_w.l(llushr.o)
    0x080001e8   0x0000005c   Code   RO         4306    .text               mc_w.l(__dczerorl2.o)
    0x08000244   0x00000002   Code   RO         3919    i.BusFault_Handler  stm32f10x_it.o
    0x08000246   0x0000000a   Code   RO         2183    i.ByteSwap          usb_regs.o
    0x08000250   0x00000016   Code   RO         2589    i.COM_Full_Init     uart.o
    0x08000266   0x00000002   PAD
    0x08000268   0x000001a4   Code   RO         2136    i.CTR_LP            usb_int.o
    0x0800040c   0x00000024   Code   RO         2184    i.ClearDTOG_RX      usb_regs.o
    0x08000430   0x00000024   Code   RO         2185    i.ClearDTOG_TX      usb_regs.o
    0x08000454   0x0000001c   Code   RO         2190    i.Clear_Status_Out  usb_regs.o
    0x08000470   0x0000008c   Code   RO         3787    i.CustomHID_Data_Setup  usb_prop.o
    0x080004fc   0x0000000c   Code   RO         3788    i.CustomHID_GetConfigDescriptor  usb_prop.o
    0x08000508   0x0000000c   Code   RO         3789    i.CustomHID_GetDeviceDescriptor  usb_prop.o
    0x08000514   0x0000000c   Code   RO         3790    i.CustomHID_GetHIDDescriptor  usb_prop.o
    0x08000520   0x0000001c   Code   RO         3791    i.CustomHID_GetProtocolValue  usb_prop.o
    0x0800053c   0x0000000c   Code   RO         3792    i.CustomHID_GetReportDescriptor  usb_prop.o
    0x08000548   0x00000024   Code   RO         3793    i.CustomHID_GetReport_Feature  usb_prop.o
    0x0800056c   0x00000020   Code   RO         3794    i.CustomHID_GetStringDescriptor  usb_prop.o
    0x0800058c   0x00000012   Code   RO         3795    i.CustomHID_Get_Interface_Setting  usb_prop.o
    0x0800059e   0x00000002   PAD
    0x080005a0   0x00000020   Code   RO         3796    i.CustomHID_NoData_Setup  usb_prop.o
    0x080005c0   0x000000b4   Code   RO         3797    i.CustomHID_Reset   usb_prop.o
    0x08000674   0x0000001c   Code   RO         3798    i.CustomHID_SetConfiguration  usb_prop.o
    0x08000690   0x0000000c   Code   RO         3799    i.CustomHID_SetDeviceAddress  usb_prop.o
    0x0800069c   0x00000018   Code   RO         3800    i.CustomHID_SetProtocol  usb_prop.o
    0x080006b4   0x00000028   Code   RO         3801    i.CustomHID_SetReport_Feature  usb_prop.o
    0x080006dc   0x0000002c   Code   RO         3802    i.CustomHID_Status_In  usb_prop.o
    0x08000708   0x0000002c   Code   RO         3803    i.CustomHID_Status_Out  usb_prop.o
    0x08000734   0x00000030   Code   RO         3804    i.CustomHID_init    usb_prop.o
    0x08000764   0x000000b8   Code   RO         1954    i.DataStageIn       usb_core.o
    0x0800081c   0x000000a0   Code   RO         1955    i.DataStageOut      usb_core.o
    0x080008bc   0x000001b0   Code   RO         1956    i.Data_Setup0       usb_core.o
    0x08000a6c   0x00000002   Code   RO         3920    i.DebugMon_Handler  stm32f10x_it.o
    0x08000a6e   0x00000002   PAD
    0x08000a70   0x00000034   Code   RO         3519    i.Discern_Usb       hw_config.o
    0x08000aa4   0x00000002   Code   RO         3743    i.EP1_IN_Callback   usb_endp.o
    0x08000aa6   0x00000002   Code   RO         3744    i.EP1_OUT_Callback  usb_endp.o
    0x08000aa8   0x0000000c   Code   RO         3520    i.Enter_LowPowerMode  hw_config.o
    0x08000ab4   0x00000018   Code   RO         1587    i.FLASH_PrefetchBufferCmd  stm32f10x_flash.o
    0x08000acc   0x00000014   Code   RO         1592    i.FLASH_SetLatency  stm32f10x_flash.o
    0x08000ae0   0x000000a2   Code   RO          386    i.GPIO_Init         stm32f10x_gpio.o
    0x08000b82   0x00000002   PAD
    0x08000b84   0x0000005c   Code   RO          388    i.GPIO_PinRemapConfig  stm32f10x_gpio.o
    0x08000be0   0x00000004   Code   RO          393    i.GPIO_ResetBits    stm32f10x_gpio.o
    0x08000be4   0x00000004   Code   RO          394    i.GPIO_SetBits      stm32f10x_gpio.o
    0x08000be8   0x00000020   Code   RO         2202    i.GetEPRxAddr       usb_regs.o
    0x08000c08   0x0000001c   Code   RO         2205    i.GetEPTxAddr       usb_regs.o
    0x08000c24   0x00000038   Code   RO         3523    i.Get_SerialNum     hw_config.o
    0x08000c5c   0x00000002   Code   RO         3921    i.HardFault_Handler  stm32f10x_it.o
    0x08000c5e   0x00000002   PAD
    0x08000c60   0x00000054   Code   RO         3658    i.I2C1_ER_IRQHandler  i2c_slave.o
    0x08000cb4   0x00000138   Code   RO         3659    i.I2C1_EV_IRQHandler  i2c_slave.o
    0x08000dec   0x00000038   Code   RO         2736    i.I2C1_Init         main.o
    0x08000e24   0x00000006   Code   RO         1748    i.I2C_ClearFlag     stm32f10x_i2c.o
    0x08000e2a   0x00000018   Code   RO         1750    i.I2C_Cmd           stm32f10x_i2c.o
    0x08000e42   0x00000018   Code   RO         1758    i.I2C_GenerateSTOP  stm32f10x_i2c.o
    0x08000e5a   0x00000032   Code   RO         1759    i.I2C_GetFlagStatus  stm32f10x_i2c.o
    0x08000e8c   0x0000000e   Code   RO         1761    i.I2C_GetLastEvent  stm32f10x_i2c.o
    0x08000e9a   0x00000014   Code   RO         1763    i.I2C_ITConfig      stm32f10x_i2c.o
    0x08000eae   0x00000002   PAD
    0x08000eb0   0x000000bc   Code   RO         1764    i.I2C_Init          stm32f10x_i2c.o
    0x08000f6c   0x00000060   Code   RO         2737    i.I2C_Parse_Recdata  main.o
    0x08000fcc   0x00000006   Code   RO         1769    i.I2C_ReceiveData   stm32f10x_i2c.o
    0x08000fd2   0x00000004   Code   RO         1772    i.I2C_SendData      stm32f10x_i2c.o
    0x08000fd6   0x00000002   PAD
    0x08000fd8   0x00000024   Code   RO         1775    i.I2C_StructInit    stm32f10x_i2c.o
    0x08000ffc   0x00000060   Code   RO         1957    i.In0_Process       usb_core.o
    0x0800105c   0x0000004c   Code   RO         2805    i.Init_AVCheck_GPIO  gpio.o
    0x080010a8   0x0000002c   Code   RO         2806    i.Init_I2c_Gpio     gpio.o
    0x080010d4   0x0000003a   Code   RO         3524    i.IntToUnicode      hw_config.o
    0x0800110e   0x00000002   PAD
    0x08001110   0x00000020   Code   RO         3525    i.Leave_LowPowerMode  hw_config.o
    0x08001130   0x00000002   Code   RO         3922    i.MemManage_Handler  stm32f10x_it.o
    0x08001132   0x00000002   Code   RO         3923    i.NMI_Handler       stm32f10x_it.o
    0x08001134   0x00000002   Code   RO         1958    i.NOP_Process       usb_core.o
    0x08001136   0x00000002   PAD
    0x08001138   0x00000054   Code   RO         2738    i.NVIC_I2c_Int_Configuration  main.o
    0x0800118c   0x00000064   Code   RO          135    i.NVIC_Init         misc.o
    0x080011f0   0x00000014   Code   RO          136    i.NVIC_PriorityGroupConfig  misc.o
    0x08001204   0x000000e0   Code   RO         1959    i.NoData_Setup0     usb_core.o
    0x080012e4   0x0000004c   Code   RO         1960    i.Out0_Process      usb_core.o
    0x08001330   0x00000024   Code   RO         2165    i.PMAToUserBufferCopy  usb_mem.o
    0x08001354   0x00000002   Code   RO         3924    i.PendSV_Handler    stm32f10x_it.o
    0x08001356   0x00000002   PAD
    0x08001358   0x00000040   Code   RO         1961    i.Post0_Process     usb_core.o
    0x08001398   0x0000002c   Code   RO         3681    i.PowerOn           usb_pwr.o
    0x080013c4   0x0000001c   Code   RO          182    i.RCC_APB1PeriphClockCmd  stm32f10x_rcc.o
    0x080013e0   0x0000001c   Code   RO          184    i.RCC_APB2PeriphClockCmd  stm32f10x_rcc.o
    0x080013fc   0x00000040   Code   RO          191    i.RCC_DeInit        stm32f10x_rcc.o
    0x0800143c   0x000000ac   Code   RO          192    i.RCC_GetClocksFreq  stm32f10x_rcc.o
    0x080014e8   0x00000030   Code   RO          193    i.RCC_GetFlagStatus  stm32f10x_rcc.o
    0x08001518   0x00000010   Code   RO          195    i.RCC_GetSYSCLKSource  stm32f10x_rcc.o
    0x08001528   0x00000014   Code   RO          196    i.RCC_HCLKConfig    stm32f10x_rcc.o
    0x0800153c   0x00000038   Code   RO          197    i.RCC_HSEConfig     stm32f10x_rcc.o
    0x08001574   0x00000014   Code   RO          203    i.RCC_PCLK1Config   stm32f10x_rcc.o
    0x08001588   0x00000014   Code   RO          204    i.RCC_PCLK2Config   stm32f10x_rcc.o
    0x0800159c   0x0000000c   Code   RO          205    i.RCC_PLLCmd        stm32f10x_rcc.o
    0x080015a8   0x00000014   Code   RO          206    i.RCC_PLLConfig     stm32f10x_rcc.o
    0x080015bc   0x00000014   Code   RO          209    i.RCC_SYSCLKConfig  stm32f10x_rcc.o
    0x080015d0   0x0000000c   Code   RO          210    i.RCC_USBCLKConfig  stm32f10x_rcc.o
    0x080015dc   0x00000030   Code   RO          211    i.RCC_WaitForHSEStartUp  stm32f10x_rcc.o
    0x0800160c   0x00000084   Code   RO         3682    i.Resume            usb_pwr.o
    0x08001690   0x00000020   Code   RO         3683    i.Resume_Init       usb_pwr.o
    0x080016b0   0x00000002   Code   RO         3925    i.SVC_Handler       stm32f10x_it.o
    0x080016b2   0x00000002   PAD
    0x080016b4   0x00000018   Code   RO         2591    i.SendChar          uart.o
    0x080016cc   0x00000010   Code   RO         2213    i.SetBTABLE         usb_regs.o
    0x080016dc   0x00000040   Code   RO         1962    i.SetDeviceAddress  usb_core.o
    0x0800171c   0x00000020   Code   RO         2227    i.SetEPRxAddr       usb_regs.o
    0x0800173c   0x00000044   Code   RO         2228    i.SetEPRxCount      usb_regs.o
    0x08001780   0x00000030   Code   RO         2229    i.SetEPRxStatus     usb_regs.o
    0x080017b0   0x00000024   Code   RO         2230    i.SetEPRxValid      usb_regs.o
    0x080017d4   0x00000020   Code   RO         2231    i.SetEPTxAddr       usb_regs.o
    0x080017f4   0x0000001c   Code   RO         2232    i.SetEPTxCount      usb_regs.o
    0x08001810   0x00000030   Code   RO         2233    i.SetEPTxStatus     usb_regs.o
    0x08001840   0x00000024   Code   RO         2234    i.SetEPTxValid      usb_regs.o
    0x08001864   0x00000018   Code   RO         2235    i.SetEPType         usb_regs.o
    0x0800187c   0x00000004   Code   RO           24    i.SetSysClock       system_stm32f10x.o
    0x08001880   0x000000b0   Code   RO           25    i.SetSysClockTo72   system_stm32f10x.o
    0x08001930   0x0000008c   Code   RO         3526    i.Set_System        hw_config.o
    0x080019bc   0x00000014   Code   RO         3527    i.Set_USBClock      hw_config.o
    0x080019d0   0x00000074   Code   RO         1963    i.Setup0_Process    usb_core.o
    0x08001a44   0x000000fc   Code   RO         1964    i.Standard_ClearFeature  usb_core.o
    0x08001b40   0x00000028   Code   RO         1965    i.Standard_GetConfiguration  usb_core.o
    0x08001b68   0x00000020   Code   RO         1966    i.Standard_GetDescriptorData  usb_core.o
    0x08001b88   0x00000028   Code   RO         1967    i.Standard_GetInterface  usb_core.o
    0x08001bb0   0x000000b4   Code   RO         1968    i.Standard_GetStatus  usb_core.o
    0x08001c64   0x00000038   Code   RO         1969    i.Standard_SetConfiguration  usb_core.o
    0x08001c9c   0x00000024   Code   RO         1970    i.Standard_SetDeviceFeature  usb_core.o
    0x08001cc0   0x0000008c   Code   RO         1971    i.Standard_SetEndPointFeature  usb_core.o
    0x08001d4c   0x0000004c   Code   RO         1972    i.Standard_SetInterface  usb_core.o
    0x08001d98   0x00000020   Code   RO         3684    i.Suspend           usb_pwr.o
    0x08001db8   0x00000002   Code   RO         3926    i.SysTick_Handler   stm32f10x_it.o
    0x08001dba   0x00000002   PAD
    0x08001dbc   0x00000050   Code   RO           27    i.SystemInit        system_stm32f10x.o
    0x08001e0c   0x00000060   Code   RO         2592    i.UART_NVIC_Configuration  uart.o
    0x08001e6c   0x0000001a   Code   RO         2973    i.UART_SendChar     tr.o
    0x08001e86   0x00000002   PAD
    0x08001e88   0x00000090   Code   RO         2593    i.USART1_IRQHandler  uart.o
    0x08001f18   0x000000f0   Code   RO         2594    i.USART2_IRQHandler  uart.o
    0x08002008   0x00000018   Code   RO          498    i.USART_Cmd         stm32f10x_usart.o
    0x08002020   0x00000050   Code   RO         2596    i.USART_Configuration  uart.o
    0x08002070   0x00000060   Code   RO         2597    i.USART_GPIO_Configuration  uart.o
    0x080020d0   0x00000036   Code   RO          504    i.USART_ITConfig    stm32f10x_usart.o
    0x08002106   0x00000002   PAD
    0x08002108   0x000000bc   Code   RO          505    i.USART_Init        stm32f10x_usart.o
    0x080021c4   0x0000001e   Code   RO         2598    i.USART_RCC_Configuration  uart.o
    0x080021e2   0x00000002   PAD
    0x080021e4   0x0000001c   Code   RO         3528    i.USB_Cable_Config  hw_config.o
    0x08002200   0x00000028   Code   RO         2109    i.USB_Init          usb_init.o
    0x08002228   0x00000028   Code   RO         3529    i.USB_Interrupts_Config  hw_config.o
    0x08002250   0x000000bc   Code   RO         3764    i.USB_Istr          usb_istr.o
    0x0800230c   0x00000004   Code   RO         3927    i.USB_LP_CAN1_RX0_IRQHandler  stm32f10x_it.o
    0x08002310   0x00000020   Code   RO         2543    i.USB_SIL_Init      usb_sil.o
    0x08002330   0x00000026   Code   RO         2545    i.USB_SIL_Write     usb_sil.o
    0x08002356   0x00000002   Code   RO         3928    i.UsageFault_Handler  stm32f10x_it.o
    0x08002358   0x0000002c   Code   RO         2166    i.UserToPMABufferCopy  usb_mem.o
    0x08002384   0x00000020   Code   RO         4199    i.__0printf$8       mc_w.l(printf8.o)
    0x080023a4   0x0000000e   Code   RO         4300    i.__scatterload_copy  mc_w.l(handlers.o)
    0x080023b2   0x00000002   Code   RO         4301    i.__scatterload_null  mc_w.l(handlers.o)
    0x080023b4   0x0000000e   Code   RO         4302    i.__scatterload_zeroinit  mc_w.l(handlers.o)
    0x080023c2   0x00000002   PAD
    0x080023c4   0x00000408   Code   RO         4206    i._printf_core      mc_w.l(printf8.o)
    0x080027cc   0x00000026   Code   RO         4207    i._printf_post_padding  mc_w.l(printf8.o)
    0x080027f2   0x00000030   Code   RO         4208    i._printf_pre_padding  mc_w.l(printf8.o)
    0x08002822   0x00000004   Code   RO         2693    i.fputc             retarget.o
    0x08002826   0x00000002   PAD
    0x08002828   0x00000074   Code   RO         2739    i.main              main.o
    0x0800289c   0x0000001c   Code   RO         3003    i.testUART          tr.o
    0x080028b8   0x00000012   Data   RO         3724    .constdata          usb_desc.o
    0x080028ca   0x00000029   Data   RO         3725    .constdata          usb_desc.o
    0x080028f3   0x00000267   Data   RO         3726    .constdata          usb_desc.o
    0x08002b5a   0x00000004   Data   RO         3727    .constdata          usb_desc.o
    0x08002b5e   0x00000014   Data   RO         3728    .constdata          usb_desc.o
    0x08002b72   0x00000012   Data   RO         3729    .constdata          usb_desc.o
    0x08002b84   0x00000020   Data   RO         4298    Region$$Table       anon$$obj.o


    Execution Region RW_IRAM1 (Base: 0x20000000, Size: 0x00001a70, Max: 0x00005000, ABSOLUTE, COMPRESSED[0x000000ac])

    Base Addr    Size         Type   Attr      Idx    E Section Name        Object

    0x20000000   0x00000014   Data   RW          212    .data               stm32f10x_rcc.o
    0x20000014   0x00000004   Data   RW         1973    .data               usb_core.o
    0x20000018   0x00000001   Data   RW         2111    .data               usb_init.o
    0x20000019   0x00000003   PAD
    0x2000001c   0x0000000c   Data   RW         2112    .data               usb_init.o
    0x20000028   0x00000002   Data   RW         2114    .data               usb_init.o
    0x2000002a   0x00000004   Data   RW         2137    .data               usb_int.o
    0x2000002e   0x00000003   Data   RW         2613    .data               uart.o
    0x20000031   0x00000003   PAD
    0x20000034   0x00000004   Data   RW         2694    .data               retarget.o
    0x20000038   0x0000001c   Data   RW         2749    .data               main.o
    0x20000054   0x000000a0   Data   RW         3021    .data               tr.o
    0x200000f4   0x00000001   Data   RW         3531    .data               hw_config.o
    0x200000f5   0x00000001   PAD
    0x200000f6   0x0000001a   Data   RW         3660    .data               i2c_slave.o
    0x20000110   0x00000004   Data   RW         3685    .data               usb_pwr.o
    0x20000114   0x00000001   Data   RW         3686    .data               usb_pwr.o
    0x20000115   0x00000002   Data   RW         3687    .data               usb_pwr.o
    0x20000117   0x0000001a   Data   RW         3730    .data               usb_desc.o
    0x20000131   0x00000001   PAD
    0x20000132   0x00000004   Data   RW         3765    .data               usb_istr.o
    0x20000136   0x00000002   PAD
    0x20000138   0x0000001c   Data   RW         3766    .data               usb_istr.o
    0x20000154   0x0000001c   Data   RW         3767    .data               usb_istr.o
    0x20000170   0x00000002   Data   RW         3805    .data               usb_prop.o
    0x20000172   0x00000002   PAD
    0x20000174   0x0000007c   Data   RW         3806    .data               usb_prop.o
    0x200001f0   0x00000024   Data   RW         3807    .data               usb_prop.o
    0x20000214   0x0000001c   Zero   RW         2110    .bss                usb_init.o
    0x20000230   0x00000058   Zero   RW         2601    .bss                uart.o
    0x20000288   0x000013e6   Zero   RW         3004    .bss                tr.o
    0x2000166e   0x00000002   PAD
    0x20001670   0x00000400   Zero   RW            1    STACK               startup_stm32f10x_md.o


==============================================================================

Image component sizes


      Code (inc. data)   RO Data    RW Data    ZI Data      Debug   Object Name

         0          0          0          0          0       4212   core_cm3.o
       120         18          0          0          0        812   gpio.o
       438         40          0          1          0       4792   hw_config.o
       396         38          0         26          0       2144   i2c_slave.o
       352         56          0         28          0       7907   main.o
       120         18          0          0          0       1547   misc.o
         4          0          0          4          0       1986   retarget.o
        36          8        236          0       1024        812   startup_stm32f10x_md.o
        44         12          0          0          0       1025   stm32f10x_flash.o
       262          6          0          0          0       3830   stm32f10x_gpio.o
       372         14          0          0          0       7996   stm32f10x_i2c.o
        22          0          0          0          0       3527   stm32f10x_it.o
       584        100          0         20          0      10881   stm32f10x_rcc.o
       266          6          0          0          0       3770   stm32f10x_usart.o
       260         26          0          0          0     238457   system_stm32f10x.o
        54          6          0        160       5094      17222   tr.o
       732         64          0          3         88       6171   uart.o
      2270        278          0          4          0      17555   usb_core.o
         0          0        716         26          0        924   usb_desc.o
         4          0          0          0          0        685   usb_endp.o
        40         18          0         15         28       3938   usb_init.o
       420         26          0          4          0       1668   usb_int.o
       188         20          0         60          0       1128   usb_istr.o
        80         12          0          0          0       1792   usb_mem.o
       754        168          0        162          0      12282   usb_prop.o
       240         34          0          7          0       2946   usb_pwr.o
       538         96          0          0          0       8488   usb_regs.o
        70          8          0          0          0       1375   usb_sil.o

    ----------------------------------------------------------------------
      8698       1072        984        532       6236     369872   Object Totals
         0          0         32          0          0          0   (incl. Generated)
        32          0          0         12          2          0   (incl. Padding)

    ----------------------------------------------------------------------

      Code (inc. data)   RO Data    RW Data    ZI Data      Debug   Library Member Name

        92          0          0          0          0          0   __dczerorl2.o
         0          0          0          0          0          0   entry.o
         0          0          0          0          0          0   entry10a.o
         0          0          0          0          0          0   entry11a.o
         8          4          0          0          0          0   entry2.o
         4          0          0          0          0          0   entry5.o
         0          0          0          0          0          0   entry7b.o
         0          0          0          0          0          0   entry8b.o
         8          4          0          0          0          0   entry9a.o
        30          0          0          0          0          0   handlers.o
        36          8          0          0          0         68   init.o
        30          0          0          0          0         68   llshl.o
        32          0          0          0          0         68   llushr.o
      1150         54          0          0          0        352   printf8.o
        98          0          0          0          0         92   uldiv.o

    ----------------------------------------------------------------------
      1490         70          0          0          0        648   Library Totals
         2          0          0          0          0          0   (incl. Padding)

    ----------------------------------------------------------------------

      Code (inc. data)   RO Data    RW Data    ZI Data      Debug   Library Name

      1488         70          0          0          0        648   mc_w.l

    ----------------------------------------------------------------------
      1490         70          0          0          0        648   Library Totals

    ----------------------------------------------------------------------

==============================================================================


      Code (inc. data)   RO Data    RW Data    ZI Data      Debug   

     10188       1142        984        532       6236     362980   Grand Totals
     10188       1142        984        172       6236     362980   ELF Image Totals (compressed)
     10188       1142        984        172          0          0   ROM Totals

==============================================================================

    Total RO  Size (Code + RO Data)                11172 (  10.91kB)
    Total RW  Size (RW Data + ZI Data)              6768 (   6.61kB)
    Total ROM Size (Code + RO Data + RW Data)      11344 (  11.08kB)

==============================================================================

